Component: ARM Compiler 5.06 update 2 (build 183) Tool: armlink [4d35b7]

==============================================================================

Section Cross References

    main.o(.text) refers to stm32f10x_usart.o(.text) for USART_SendData
    main.o(.text) refers to misc.o(.text) for NVIC_PriorityGroupConfig
    main.o(.text) refers to delay.o(.text) for delay_init
    main.o(.text) refers to usart.o(.text) for uart_init
    main.o(.text) refers to led.o(.text) for LED_Init
    main.o(.text) refers to key.o(.text) for KEY_Init
    main.o(.text) refers to oled.o(.text) for OLED_Init
    main.o(.text) refers to display.o(.text) for oled_test
    main.o(.text) refers to main.o(.bss) for Dis
    main.o(.text) refers to main.o(.constdata) for seg_com
    system_stm32f10x.o(.text) refers to system_stm32f10x.o(.data) for SystemCoreClock
    led.o(.text) refers to stm32f10x_rcc.o(.text) for RCC_APB2PeriphClockCmd
    led.o(.text) refers to stm32f10x_gpio.o(.text) for GPIO_Init
    key.o(.text) refers to stm32f10x_rcc.o(.text) for RCC_APB2PeriphClockCmd
    key.o(.text) refers to stm32f10x_gpio.o(.text) for GPIO_PinRemapConfig
    key.o(.text) refers to delay.o(.text) for delay_ms
    key.o(.text) refers to key.o(.data) for key_up
    oled.o(.text) refers to stm32f10x_gpio.o(.text) for GPIO_SetBits
    oled.o(.text) refers to oled.o(.constdata) for F8X16
    oled.o(.text) refers to stm32f10x_rcc.o(.text) for RCC_APB2PeriphClockCmd
    oled.o(.text) refers to delay.o(.text) for delay_ms
    oled.o(.text) refers to oled.o(.data) for Hzk
    display.o(.text) refers to oled.o(.text) for OLED_Set_Pos
    display.o(.text) refers to display.o(.constdata) for A1E1
    display.o(.text) refers to delay.o(.text) for delay_ms
    display.o(.text) refers to main.o(.data) for CurList
    display.o(.text) refers to main.o(.bss) for Dis
    display.o(.text) refers to display.o(.data) for Interface
    delay.o(.text) refers to misc.o(.text) for SysTick_CLKSourceConfig
    delay.o(.text) refers to system_stm32f10x.o(.data) for SystemCoreClock
    delay.o(.text) refers to delay.o(.data) for fac_us
    usart.o(.text) refers to stm32f10x_rcc.o(.text) for RCC_APB2PeriphClockCmd
    usart.o(.text) refers to stm32f10x_gpio.o(.text) for GPIO_Init
    usart.o(.text) refers to misc.o(.text) for NVIC_Init
    usart.o(.text) refers to stm32f10x_usart.o(.text) for USART_Init
    usart.o(.text) refers to usart.o(.data) for USART_RX_STA
    usart.o(.text) refers to usart.o(.bss) for USART_RX_BUF
    startup_stm32f10x_hd.o(RESET) refers to startup_stm32f10x_hd.o(STACK) for __initial_sp
    startup_stm32f10x_hd.o(RESET) refers to startup_stm32f10x_hd.o(.text) for Reset_Handler
    startup_stm32f10x_hd.o(RESET) refers to stm32f10x_it.o(.text) for NMI_Handler
    startup_stm32f10x_hd.o(RESET) refers to usart.o(.text) for USART1_IRQHandler
    startup_stm32f10x_hd.o(.text) refers to system_stm32f10x.o(.text) for SystemInit
    startup_stm32f10x_hd.o(.text) refers to entry.o(.ARM.Collect$$$$00000000) for __main
    stm32f10x_gpio.o(.text) refers to stm32f10x_rcc.o(.text) for RCC_APB2PeriphResetCmd
    stm32f10x_rcc.o(.text) refers to stm32f10x_rcc.o(.data) for APBAHBPrescTable
    stm32f10x_usart.o(.text) refers to stm32f10x_rcc.o(.text) for RCC_APB2PeriphResetCmd
    entry.o(.ARM.Collect$$$$00000000) refers (Special) to entry10a.o(.ARM.Collect$$$$0000000D) for __rt_final_cpp
    entry.o(.ARM.Collect$$$$00000000) refers (Special) to entry11a.o(.ARM.Collect$$$$0000000F) for __rt_final_exit
    entry.o(.ARM.Collect$$$$00000000) refers (Special) to entry7b.o(.ARM.Collect$$$$00000008) for _main_clock
    entry.o(.ARM.Collect$$$$00000000) refers (Special) to entry8b.o(.ARM.Collect$$$$0000000A) for _main_cpp_init
    entry.o(.ARM.Collect$$$$00000000) refers (Special) to entry9a.o(.ARM.Collect$$$$0000000B) for _main_init
    entry.o(.ARM.Collect$$$$00000000) refers (Special) to entry5.o(.ARM.Collect$$$$00000004) for _main_scatterload
    entry.o(.ARM.Collect$$$$00000000) refers (Special) to entry2.o(.ARM.Collect$$$$00000001) for _main_stk
    entry2.o(.ARM.Collect$$$$00000001) refers to entry2.o(.ARM.Collect$$$$00002712) for __lit__00000000
    entry2.o(.ARM.Collect$$$$00002712) refers to startup_stm32f10x_hd.o(STACK) for __initial_sp
    entry2.o(__vectab_stack_and_reset_area) refers to startup_stm32f10x_hd.o(STACK) for __initial_sp
    entry2.o(__vectab_stack_and_reset_area) refers to entry.o(.ARM.Collect$$$$00000000) for __main
    entry5.o(.ARM.Collect$$$$00000004) refers to init.o(.text) for __scatterload
    entry9a.o(.ARM.Collect$$$$0000000B) refers to main.o(.text) for main
    entry9b.o(.ARM.Collect$$$$0000000C) refers to main.o(.text) for main
    init.o(.text) refers to entry5.o(.ARM.Collect$$$$00000004) for __main_after_scatterload


==============================================================================

Removing Unused input sections from the image.

    Removing sys.o(.emb_text), (6 bytes).
[...]
    Display                                  0x080022a3   Thumb Code    20  display.o(.text)
    delay_init                               0x080022e1   Thumb Code    50  delay.o(.text)
    delay_us                                 0x08002313   Thumb Code    72  delay.o(.text)
    delay_ms                                 0x0800235b   Thumb Code    72  delay.o(.text)
    _sys_exit                                0x080023b5   Thumb Code     4  usart.o(.text)
    fputc                                    0x080023b9   Thumb Code    24  usart.o(.text)
    uart_init                                0x080023d1   Thumb Code   152  usart.o(.text)
    USART1_IRQHandler                        0x08002469   Thumb Code   122  usart.o(.text)
    Reset_Handler                            0x080024f5   Thumb Code     8  startup_stm32f10x_hd.o(.text)
    ADC1_2_IRQHandler                        0x0800250f   Thumb Code     0  startup_stm32f10x_hd.o(.text)
    ADC3_IRQHandler                          0x0800250f   Thumb Code     0  startup_stm32f10x_hd.o(.text)
    CAN1_RX1_IRQHandler                      0x0800250f   Thumb Code     0  startup_stm32f10x_hd.o(.text)
    CAN1_SCE_IRQHandler                      0x0800250f   Thumb Code     0  startup_stm32f10x_hd.o(.text)
    DMA1_Channel1_IRQHandler                 0x0800250f   Thumb Code     0  startup_stm32f10x_hd.o(.text)
    DMA1_Channel2_IRQHandler                 0x0800250f   Thumb Code     0  startup_stm32f10x_hd.o(.text)
    DMA1_Channel3_IRQHandler                 0x0800250f   Thumb Code     0  startup_stm32f10x_hd.o(.text)
    DMA1_Channel4_IRQHandler                 0x0800250f   Thumb Code     0  startup_stm32f10x_hd.o(.text)
    DMA1_Channel5_IRQHandler                 0x0800250f   Thumb Code     0  startup_stm32f10x_hd.o(.text)
    DMA1_Channel6_IRQHandler                 0x0800250f   Thumb Code     0  startup_stm32f10x_hd.o(.text)
    DMA1_Channel7_IRQHandler                 0x0800250f   Thumb Code     0  startup_stm32f10x_hd.o(.text)
    DMA2_Channel1_IRQHandler                 0x0800250f   Thumb Code     0  startup_stm32f10x_hd.o(.text)
    DMA2_Channel2_IRQHandler                 0x0800250f   Thumb Code     0  startup_stm32f10x_hd.o(.text)
    DMA2_Channel3_IRQHandler                 0x0800250f   Thumb Code     0  startup_stm32f10x_hd.o(.text)
    DMA2_Channel4_5_IRQHandler               0x0800250f   Thumb Code     0  startup_stm32f10x_hd.o(.text)
    EXTI0_IRQHandler                         0x0800250f   Thumb Code     0  startup_stm32f10x_hd.o(.text)
    EXTI15_10_IRQHandler                     0x0800250f   Thumb Code     0  startup_stm32f10x_hd.o(.text)
    EXTI1_IRQHandler                         0x0800250f   Thumb Code     0  startup_stm32f10x_hd.o(.text)
    EXTI2_IRQHandler                         0x0800250f   Thumb Code     0  startup_stm32f10x_hd.o(.text)
    EXTI3_IRQHandler                         0x0800250f   Thumb Code     0  startup_stm32f10x_hd.o(.text)
    EXTI4_IRQHandler                         0x0800250f   Thumb Code     0  startup_stm32f10x_hd.o(.text)
    EXTI9_5_IRQHandler                       0x0800250f   Thumb Code     0  startup_stm32f10x_hd.o(.text)
    FLASH_IRQHandler                         0x0800250f   Thumb Code     0  startup_stm32f10x_hd.o(.text)
    FSMC_IRQHandler                          0x0800250f   Thumb Code     0  startup_stm32f10x_hd.o(.text)
    I2C1_ER_IRQHandler                       0x0800250f   Thumb Code     0  startup_stm32f10x_hd.o(.text)
    I2C1_EV_IRQHandler                       0x0800250f   Thumb Code     0  startup_stm32f10x_hd.o(.text)
    I2C2_ER_IRQHandler                       0x0800250f   Thumb Code     0  startup_stm32f10x_hd.o(.text)
    I2C2_EV_IRQHandler                       0x0800250f   Thumb Code     0  startup_stm32f10x_hd.o(.text)
    PVD_IRQHandler                           0x0800250f   Thumb Code     0  startup_stm32f10x_hd.o(.text)
    RCC_IRQHandler                           0x0800250f   Thumb Code     0  startup_stm32f10x_hd.o(.text)
    RTCAlarm_IRQHandler                      0x0800250f   Thumb Code     0  startup_stm32f10x_hd.o(.text)
    RTC_IRQHandler                           0x0800250f   Thumb Code     0  startup_stm32f10x_hd.o(.text)
    SDIO_IRQHandler                          0x0800250f   Thumb Code     0  startup_stm32f10x_hd.o(.text)
    SPI1_IRQHandler                          0x0800250f   Thumb Code     0  startup_stm32f10x_hd.o(.text)
    SPI2_IRQHandler                          0x0800250f   Thumb Code     0  startup_stm32f10x_hd.o(.text)
    SPI3_IRQHandler                          0x0800250f   Thumb Code     0  startup_stm32f10x_hd.o(.text)
    TAMPER_IRQHandler                        0x0800250f   Thumb Code     0  startup_stm32f10x_hd.o(.text)
    TIM1_BRK_IRQHandler                      0x0800250f   Thumb Code     0  startup_stm32f10x_hd.o(.text)
    TIM1_CC_IRQHandler                       0x0800250f   Thumb Code     0  startup_stm32f10x_hd.o(.text)
    TIM1_TRG_COM_IRQHandler                  0x0800250f   Thumb Code     0  startup_stm32f10x_hd.o(.text)
    TIM1_UP_IRQHandler                       0x0800250f   Thumb Code     0  startup_stm32f10x_hd.o(.text)
    TIM2_IRQHandler                          0x0800250f   Thumb Code     0  startup_stm32f10x_hd.o(.text)
    TIM3_IRQHandler                          0x0800250f   Thumb Code     0  startup_stm32f10x_hd.o(.text)
    TIM4_IRQHandler                          0x0800250f   Thumb Code     0  startup_stm32f10x_hd.o(.text)
    TIM5_IRQHandler                          0x0800250f   Thumb Code     0  startup_stm32f10x_hd.o(.text)
    TIM6_IRQHandler                          0x0800250f   Thumb Code     0  startup_stm32f10x_hd.o(.text)
    TIM7_IRQHandler                          0x0800250f   Thumb Code     0  startup_stm32f10x_hd.o(.text)
    TIM8_BRK_IRQHandler                      0x0800250f   Thumb Code     0  startup_stm32f10x_hd.o(.text)
    TIM8_CC_IRQHandler                       0x0800250f   Thumb Code     0  startup_stm32f10x_hd.o(.text)
    TIM8_TRG_COM_IRQHandler                  0x0800250f   Thumb Code     0  startup_stm32f10x_hd.o(.text)
    TIM8_UP_IRQHandler                       0x0800250f   Thumb Code     0  startup_stm32f10x_hd.o(.text)
    UART4_IRQHandler                         0x0800250f   Thumb Code     0  startup_stm32f10x_hd.o(.text)
    UART5_IRQHandler                         0x0800250f   Thumb Code     0  startup_stm32f10x_hd.o(.text)
    USART2_IRQHandler                        0x0800250f   Thumb Code     0  startup_stm32f10x_hd.o(.text)
    USART3_IRQHandler                        0x0800250f   Thumb Code     0  startup_stm32f10x_hd.o(.text)
    USBWakeUp_IRQHandler                     0x0800250f   Thumb Code     0  startup_stm32f10x_hd.o(.text)
    USB_HP_CAN1_TX_IRQHandler                0x0800250f   Thumb Code     0  startup_stm32f10x_hd.o(.text)
    USB_LP_CAN1_RX0_IRQHandler               0x0800250f   Thumb Code     0  startup_stm32f10x_hd.o(.text)
    WWDG_IRQHandler                          0x0800250f   Thumb Code     0  startup_stm32f10x_hd.o(.text)
    GPIO_DeInit                              0x08002519   Thumb Code   172  stm32f10x_gpio.o(.text)
    GPIO_AFIODeInit                          0x080025c5   Thumb Code    20  stm32f10x_gpio.o(.text)
    GPIO_Init                                0x080025d9   Thumb Code   278  stm32f10x_gpio.o(.text)
    GPIO_StructInit                          0x080026ef   Thumb Code    16  stm32f10x_gpio.o(.text)
    GPIO_ReadInputDataBit                    0x080026ff   Thumb Code    18  stm32f10x_gpio.o(.text)
    GPIO_ReadInputData                       0x08002711   Thumb Code     8  stm32f10x_gpio.o(.text)
    GPIO_ReadOutputDataBit                   0x08002719   Thumb Code    18  stm32f10x_gpio.o(.text)
    GPIO_ReadOutputData                      0x0800272b   Thumb Code     8  stm32f10x_gpio.o(.text)
    GPIO_SetBits                             0x08002733   Thumb Code     4  stm32f10x_gpio.o(.text)
    GPIO_ResetBits                           0x08002737   Thumb Code     4  stm32f10x_gpio.o(.text)
    GPIO_WriteBit                            0x0800273b   Thumb Code    10  stm32f10x_gpio.o(.text)
    GPIO_Write                               0x08002745   Thumb Code     4  stm32f10x_gpio.o(.text)
    GPIO_PinLockConfig                       0x08002749   Thumb Code    18  stm32f10x_gpio.o(.text)
    GPIO_EventOutputConfig                   0x0800275b   Thumb Code    26  stm32f10x_gpio.o(.text)
    GPIO_EventOutputCmd                      0x08002775   Thumb Code     6  stm32f10x_gpio.o(.text)
    GPIO_PinRemapConfig                      0x0800277b   Thumb Code   138  stm32f10x_gpio.o(.text)
    GPIO_EXTILineConfig                      0x08002805   Thumb Code    66  stm32f10x_gpio.o(.text)
    GPIO_ETH_MediaInterfaceConfig            0x08002847   Thumb Code     8  stm32f10x_gpio.o(.text)
    RCC_DeInit                               0x08002875   Thumb Code    64  stm32f10x_rcc.o(.text)
    RCC_HSEConfig                            0x080028b5   Thumb Code    70  stm32f10x_rcc.o(.text)
    RCC_GetFlagStatus                        0x080028fb   Thumb Code    56  stm32f10x_rcc.o(.text)
    RCC_WaitForHSEStartUp                    0x08002933   Thumb Code    56  stm32f10x_rcc.o(.text)
    RCC_AdjustHSICalibrationValue            0x0800296b   Thumb Code    20  stm32f10x_rcc.o(.text)
    RCC_HSICmd                               0x0800297f   Thumb Code     6  stm32f10x_rcc.o(.text)
    RCC_PLLConfig                            0x08002985   Thumb Code    24  stm32f10x_rcc.o(.text)
    RCC_PLLCmd                               0x0800299d   Thumb Code     6  stm32f10x_rcc.o(.text)
    RCC_SYSCLKConfig                         0x080029a3   Thumb Code    18  stm32f10x_rcc.o(.text)
    RCC_GetSYSCLKSource                      0x080029b5   Thumb Code    10  stm32f10x_rcc.o(.text)
    RCC_HCLKConfig                           0x080029bf   Thumb Code    18  stm32f10x_rcc.o(.text)
    RCC_PCLK1Config                          0x080029d1   Thumb Code    18  stm32f10x_rcc.o(.text)
    RCC_PCLK2Config                          0x080029e3   Thumb Code    20  stm32f10x_rcc.o(.text)
    RCC_ITConfig                             0x080029f7   Thumb Code    26  stm32f10x_rcc.o(.text)
    RCC_USBCLKConfig                         0x08002a11   Thumb Code     8  stm32f10x_rcc.o(.text)
    RCC_ADCCLKConfig                         0x08002a19   Thumb Code    18  stm32f10x_rcc.o(.text)
    RCC_LSEConfig                            0x08002a2b   Thumb Code    50  stm32f10x_rcc.o(.text)
    RCC_LSICmd                               0x08002a5d   Thumb Code     6  stm32f10x_rcc.o(.text)
    RCC_RTCCLKConfig                         0x08002a63   Thumb Code    12  stm32f10x_rcc.o(.text)
    RCC_RTCCLKCmd                            0x08002a6f   Thumb Code     8  stm32f10x_rcc.o(.text)
    RCC_GetClocksFreq                        0x08002a77   Thumb Code   192  stm32f10x_rcc.o(.text)
    RCC_AHBPeriphClockCmd                    0x08002b37   Thumb Code    26  stm32f10x_rcc.o(.text)
    RCC_APB2PeriphClockCmd                   0x08002b51   Thumb Code    26  stm32f10x_rcc.o(.text)
    RCC_APB1PeriphClockCmd                   0x08002b6b   Thumb Code    26  stm32f10x_rcc.o(.text)
    RCC_APB2PeriphResetCmd                   0x08002b85   Thumb Code    26  stm32f10x_rcc.o(.text)
    RCC_APB1PeriphResetCmd                   0x08002b9f   Thumb Code    26  stm32f10x_rcc.o(.text)
    RCC_BackupResetCmd                       0x08002bb9   Thumb Code     8  stm32f10x_rcc.o(.text)
    RCC_ClockSecuritySystemCmd               0x08002bc1   Thumb Code     6  stm32f10x_rcc.o(.text)
    RCC_MCOConfig                            0x08002bc7   Thumb Code     6  stm32f10x_rcc.o(.text)
    RCC_ClearFlag                            0x08002bcd   Thumb Code    14  stm32f10x_rcc.o(.text)
    RCC_GetITStatus                          0x08002bdb   Thumb Code    20  stm32f10x_rcc.o(.text)
    RCC_ClearITPendingBit                    0x08002bef   Thumb Code     6  stm32f10x_rcc.o(.text)
    USART_DeInit                             0x08002c19   Thumb Code   134  stm32f10x_usart.o(.text)
    USART_Init                               0x08002c9f   Thumb Code   210  stm32f10x_usart.o(.text)
    USART_StructInit                         0x08002d71   Thumb Code    24  stm32f10x_usart.o(.text)
    USART_ClockInit                          0x08002d89   Thumb Code    34  stm32f10x_usart.o(.text)
    USART_ClockStructInit                    0x08002dab   Thumb Code    12  stm32f10x_usart.o(.text)
    USART_Cmd                                0x08002db7   Thumb Code    24  stm32f10x_usart.o(.text)
    USART_ITConfig                           0x08002dcf   Thumb Code    74  stm32f10x_usart.o(.text)
    USART_DMACmd                             0x08002e19   Thumb Code    18  stm32f10x_usart.o(.text)
    USART_SetAddress                         0x08002e2b   Thumb Code    18  stm32f10x_usart.o(.text)
    USART_WakeUpConfig                       0x08002e3d   Thumb Code    18  stm32f10x_usart.o(.text)
    USART_ReceiverWakeUpCmd                  0x08002e4f   Thumb Code    24  stm32f10x_usart.o(.text)
    USART_LINBreakDetectLengthConfig         0x08002e67   Thumb Code    18  stm32f10x_usart.o(.text)
    USART_LINCmd                             0x08002e79   Thumb Code    24  stm32f10x_usart.o(.text)
    USART_GetFlagStatus                      0x08002e91   Thumb Code    26  stm32f10x_usart.o(.text)
    USART_SendData                           0x08002eab   Thumb Code    28  stm32f10x_usart.o(.text)
    USART_ReceiveData                        0x08002ec7   Thumb Code    10  stm32f10x_usart.o(.text)
    USART_SendBreak                          0x08002ed1   Thumb Code    10  stm32f10x_usart.o(.text)
    USART_SetGuardTime                       0x08002edb   Thumb Code    16  stm32f10x_usart.o(.text)
    USART_SetPrescaler                       0x08002eeb   Thumb Code    16  stm32f10x_usart.o(.text)
    USART_SmartCardCmd                       0x08002efb   Thumb Code    24  stm32f10x_usart.o(.text)
    USART_SmartCardNACKCmd                   0x08002f13   Thumb Code    24  stm32f10x_usart.o(.text)
    USART_HalfDuplexCmd                      0x08002f2b   Thumb Code    24  stm32f10x_usart.o(.text)
    USART_OverSampling8Cmd                   0x08002f43   Thumb Code    22  stm32f10x_usart.o(.text)
    USART_OneBitMethodCmd                    0x08002f59   Thumb Code    24  stm32f10x_usart.o(.text)
    USART_IrDAConfig                         0x08002f71   Thumb Code    18  stm32f10x_usart.o(.text)
    USART_IrDACmd                            0x08002f83   Thumb Code    24  stm32f10x_usart.o(.text)
    USART_ClearFlag                          0x08002f9b   Thumb Code    18  stm32f10x_usart.o(.text)
    USART_GetITStatus                        0x08002fad   Thumb Code   104  stm32f10x_usart.o(.text)
    USART_ClearITPendingBit                  0x08003015   Thumb Code    30  stm32f10x_usart.o(.text)
    NVIC_PriorityGroupConfig                 0x08003035   Thumb Code    10  misc.o(.text)
    NVIC_Init                                0x0800303f   Thumb Code   100  misc.o(.text)
    NVIC_SetVectorTable                      0x080030a3   Thumb Code    14  misc.o(.text)
    NVIC_SystemLPConfig                      0x080030b1   Thumb Code    34  misc.o(.text)
    SysTick_CLKSourceConfig                  0x080030d3   Thumb Code    40  misc.o(.text)
    __scatterload                            0x08003111   Thumb Code    28  init.o(.text)
    __scatterload_rt2                        0x08003111   Thumb Code     0  init.o(.text)
    __decompress                             0x08003135   Thumb Code     0  __dczerorl2.o(.text)
    __decompress1                            0x08003135   Thumb Code    86  __dczerorl2.o(.text)
    __scatterload_copy                       0x0800318b   Thumb Code    14  handlers.o(i.__scatterload_copy)
    __scatterload_null                       0x08003199   Thumb Code     2  handlers.o(i.__scatterload_null)
    __scatterload_zeroinit                   0x0800319b   Thumb Code    14  handlers.o(i.__scatterload_zeroinit)
    TEXT_Buffer                              0x080031a8   Data          19  main.o(.constdata)
    seg_com                                  0x080031bc   Data          40  main.o(.constdata)
    F6x8                                     0x080031e4   Data         552  oled.o(.constdata)
    F8X16                                    0x0800340c   Data        1520  oled.o(.constdata)
    SIMIER                                   0x080039fc   Data         472  display.o(.constdata)
    ASCII0608                                0x08003bd4   Data         276  display.o(.constdata)
    ASCII3216                                0x08003ce8   Data         704  display.o(.constdata)
    ASCII0816                                0x08003fa8   Data         224  display.o(.constdata)
    ASCII0716                                0x08004088   Data        1330  display.o(.constdata)
    B2CB                                     0x080045ba   Data          28  display.o(.constdata)
    B5A5                                     0x080045d6   Data          28  display.o(.constdata)
    D3C3                                     0x080045f2   Data          28  display.o(.constdata)
    BBA7                                     0x0800460e   Data          28  display.o(.constdata)
    B2CE                                     0x0800462a   Data          28  display.o(.constdata)
    CAFD                                     0x08004646   Data          28  display.o(.constdata)
    B9DC                                     0x08004662   Data          28  display.o(.constdata)
    C0ED                                     0x0800467e   Data          28  display.o(.constdata)
    D4B1                                     0x0800469a   Data          28  display.o(.constdata)
    BCBC                                     0x080046b6   Data          28  display.o(.constdata)
    CAF5                                     0x080046d2   Data          28  display.o(.constdata)
    BBF9                                     0x080046ee   Data          28  display.o(.constdata)
    B1BE                                     0x0800470a   Data          28  display.o(.constdata)
    C9E8                                     0x08004726   Data          28  display.o(.constdata)
    D6C3                                     0x08004742   Data          28  display.o(.constdata)
    D7B4                                     0x0800475e   Data          28  display.o(.constdata)
    CCAC                                     0x0800477a   Data          28  display.o(.constdata)
    B2E9                                     0x08004796   Data          28  display.o(.constdata)
    D1AF                                     0x080047b2   Data          28  display.o(.constdata)
    B2FA                                     0x080047ce   Data          28  display.o(.constdata)
    C6B7                                     0x080047ea   Data          28  display.o(.constdata)
    D0C5                                     0x08004806   Data          28  display.o(.constdata)
    CFA2                                     0x08004822   Data          28  display.o(.constdata)
    B8DF                                     0x0800483e   Data          28  display.o(.constdata)
    BCB6                                     0x0800485a   Data          28  display.o(.constdata)
    D0DE                                     0x08004876   Data          28  display.o(.constdata)
    B8C4                                     0x08004892   Data          28  display.o(.constdata)
    C3DC                                     0x080048ae   Data          28  display.o(.constdata)
    C2EB                                     0x080048ca   Data          28  display.o(.constdata)
    B0B4                                     0x080048e6   Data          28  display.o(.constdata)
    BCFC                                     0x08004902   Data          28  display.o(.constdata)
    CBF8                                     0x0800491e   Data          28  display.o(.constdata)
    B6A8                                     0x0800493a   Data          28  display.o(.constdata)
    B3A7                                     0x08004956   Data          28  display.o(.constdata)
    C9CC                                     0x08004972   Data          28  display.o(.constdata)
    C4E2                                     0x0800498e   Data          28  display.o(.constdata)
    BACF                                     0x080049aa   Data          28  display.o(.constdata)
    B5E3                                     0x080049c6   Data          28  display.o(.constdata)
    CAB5                                     0x080049e2   Data          28  display.o(.constdata)
    CAB1                                     0x080049fe   Data          28  display.o(.constdata)
    D4CB                                     0x08004a1a   Data          28  display.o(.constdata)
    D0D0                                     0x08004a36   Data          28  display.o(.constdata)
    C4A3                                     0x08004a52   Data          28  display.o(.constdata)
    CABD                                     0x08004a6e   Data          28  display.o(.constdata)
    D7D4                                     0x08004a8a   Data          28  display.o(.constdata)
    B6AF                                     0x08004aa6   Data          28  display.o(.constdata)
    C0A9                                     0x08004ac2   Data          28  display.o(.constdata)
    D5B9                                     0x08004ade   Data          28  display.o(.constdata)
    B5E7                                     0x08004afa   Data          28  display.o(.constdata)
    BBFA                                     0x08004b16   Data          28  display.o(.constdata)
    B6CB                                     0x08004b32   Data          28  display.o(.constdata)
    D7D3                                     0x08004b4e   Data          28  display.o(.constdata)
    B1E0                                     0x08004b6a   Data          28  display.o(.constdata)
    B6EE                                     0x08004b86   Data          28  display.o(.constdata)
    B9A6                                     0x08004ba2   Data          28  display.o(.constdata)
    C2CA                                     0x08004bbe   Data          28  display.o(.constdata)
    D1B9                                     0x08004bda   Data          28  display.o(.constdata)
    D7AA                                     0x08004bf6   Data          28  display.o(.constdata)
    CBD9                                     0x08004c12   Data          28  display.o(.constdata)
    BED8                                     0x08004c2e   Data          28  display.o(.constdata)
    CFE0                                     0x08004c4a   Data          28  display.o(.constdata)
    C1F7                                     0x08004c66   Data          28  display.o(.constdata)
    D3D0                                     0x08004c82   Data          28  display.o(.constdata)
    D0A7                                     0x08004c9e   Data          28  display.o(.constdata)
    D6B5                                     0x08004cba   Data          28  display.o(.constdata)
    D3A6                                     0x08004cd6   Data          28  display.o(.constdata)
    B3A1                                     0x08004cf2   Data          28  display.o(.constdata)
    C4B8                                     0x08004d0e   Data          28  display.o(.constdata)
    CFDF                                     0x08004d2a   Data          28  display.o(.constdata)
    B9FD                                     0x08004d46   Data          28  display.o(.constdata)
    B1A3                                     0x08004d62   Data          28  display.o(.constdata)
    BBA4                                     0x08004d7e   Data          28  display.o(.constdata)
    C7B7                                     0x08004d9a   Data          28  display.o(.constdata)
    C8C8                                     0x08004db6   Data          28  display.o(.constdata)
    BFD8                                     0x08004dd2   Data          28  display.o(.constdata)
    D6C6                                     0x08004dee   Data          28  display.o(.constdata)
    C6F7                                     0x08004e0a   Data          28  display.o(.constdata)
    B3AC                                     0x08004e26   Data          28  display.o(.constdata)
    B1A8                                     0x08004e42   Data          28  display.o(.constdata)
    BEAF                                     0x08004e5e   Data          28  display.o(.constdata)
    B7E7                                     0x08004e7a   Data          28  display.o(.constdata)
    C9C8                                     0x08004e96   Data          28  display.o(.constdata)
    D4D8                                     0x08004eb2   Data          28  display.o(.constdata)
    B2A8                                     0x08004ece   Data          28  display.o(.constdata)
    C6B5                                     0x08004eea   Data          28  display.o(.constdata)
    C4DA                                     0x08004f06   Data          28  display.o(.constdata)
    CDE2                                     0x08004f22   Data          28  display.o(.constdata)
    B2BF                                     0x08004f3e   Data          28  display.o(.constdata)
    BFAA                                     0x08004f5a   Data          28  display.o(.constdata)
    B9D8                                     0x08004f76   Data          28  display.o(.constdata)
    C1BF                                     0x08004f92   Data          28  display.o(.constdata)
    BCE4                                     0x08004fae   Data          28  display.o(.constdata)
    BCEC                                     0x08004fca   Data          28  display.o(.constdata)
    B2E2                                     0x08004fe6   Data          28  display.o(.constdata)
    CBB2                                     0x08005002   Data          28  display.o(.constdata)
    CDA3                                     0x0800501e   Data          28  display.o(.constdata)
    CAE4                                     0x0800503a   Data          28  display.o(.constdata)
    C8EB                                     0x08005056   Data          28  display.o(.constdata)
    CEC2                                     0x08005072   Data          28  display.o(.constdata)
    B6C8                                     0x0800508e   Data          28  display.o(.constdata)
    C7D0                                     0x080050aa   Data          28  display.o(.constdata)
    BBBB                                     0x080050c6   Data          28  display.o(.constdata)
    CAD4                                     0x080050e2   Data          28  display.o(.constdata)
    D4CA                                     0x080050fe   Data          28  display.o(.constdata)
    D0ED                                     0x0800511a   Data          28  display.o(.constdata)
    D1BE                                     0x08005136   Data          28  display.o(.constdata)
    D0A3                                     0x08005152   Data          28  display.o(.constdata)
    D5FD                                     0x0800516e   Data          28  display.o(.constdata)
    CFB5                                     0x0800518a   Data          28  display.o(.constdata)
    C4DC                                     0x080051a6   Data          28  display.o(.constdata)
    C6F4                                     0x080051c2   Data          28  display.o(.constdata)
    B1C8                                     0x080051de   Data          28  display.o(.constdata)
    B4CE                                     0x080051fa   Data          28  display.o(.constdata)
    D7E9                                     0x08005216   Data          28  display.o(.constdata)
    D1A1                                     0x08005232   Data          28  display.o(.constdata)
    D4F1                                     0x0800524e   Data          28  display.o(.constdata)
    C8DD                                     0x0800526a   Data          28  display.o(.constdata)
    B2B9                                     0x08005286   Data          28  display.o(.constdata)
    B3A5                                     0x080052a2   Data          28  display.o(.constdata)
    CAC7                                     0x080052be   Data          28  display.o(.constdata)
    B7F1                                     0x080052da   Data          28  display.o(.constdata)
    D7EE                                     0x080052f6   Data          28  display.o(.constdata)
    B4F3                                     0x08005312   Data          28  display.o(.constdata)
    D0A1                                     0x0800532e   Data          28  display.o(.constdata)
    B8D0                                     0x0800534a   Data          28  display.o(.constdata)
    C8A6                                     0x08005366   Data          28  display.o(.constdata)
    D7E8                                     0x08005382   Data          28  display.o(.constdata)
    C2A9                                     0x0800539e   Data          28  display.o(.constdata)
    C8ED                                     0x080053ba   Data          28  display.o(.constdata)
    BCFE                                     0x080053d6   Data          28  display.o(.constdata)
    B0E6                                     0x080053f2   Data          28  display.o(.constdata)
    BAC5                                     0x0800540e   Data          28  display.o(.constdata)
    CDA8                                     0x0800542a   Data          28  display.o(.constdata)
    B6CF                                     0x08005446   Data          28  display.o(.constdata)
    BDC7                                     0x08005462   Data          28  display.o(.constdata)
    B8F8                                     0x0800547e   Data          28  display.o(.constdata)
    C8C6                                     0x0800549a   Data          28  display.o(.constdata)
    C0FD                                     0x080054b6   Data          28  display.o(.constdata)
    BBFD                                     0x080054d2   Data          28  display.o(.constdata)
    B7D6                                     0x080054ee   Data          28  display.o(.constdata)
    CEBB                                     0x0800550a   Data          28  display.o(.constdata)
    C1E3                                     0x08005526   Data          28  display.o(.constdata)
    B3F6                                     0x08005542   Data          28  display.o(.constdata)
    C9A2                                     0x0800555e   Data          28  display.o(.constdata)
    B7BD                                     0x0800557a   Data          28  display.o(.constdata)
    B7B4                                     0x08005596   Data          28  display.o(.constdata)
    CFF2                                     0x080055b2   Data          28  display.o(.constdata)
    C3FC                                     0x080055ce   Data          28  display.o(.constdata)
    C1EE                                     0x080055ea   Data          28  display.o(.constdata)
    B3B5                                     0x08005606   Data          28  display.o(.constdata)
    D7A1                                     0x08005622   Data          28  display.o(.constdata)
    D0B9                                     0x0800563e   Data          28  display.o(.constdata)
    B7C5                                     0x0800565a   Data          28  display.o(.constdata)
    E3D0                                     0x08005676   Data          28  display.o(.constdata)
    CCF8                                     0x08005692   Data          28  display.o(.constdata)
    D4BE                                     0x080056ae   Data          28  display.o(.constdata)
    B7B6                                     0x080056ca   Data          28  display.o(.constdata)
    CEA7                                     0x080056e6   Data          28  display.o(.constdata)
    B2BD                                     0x08005702   Data          28  display.o(.constdata)
    B3A4                                     0x0800571e   Data          28  display.o(.constdata)
    B5F7                                     0x0800573a   Data          28  display.o(.constdata)
    BDDA                                     0x08005756   Data          28  display.o(.constdata)
    B6E0                                     0x08005772   Data          28  display.o(.constdata)
    B6CE                                     0x0800578e   Data          28  display.o(.constdata)
    C5E4                                     0x080057aa   Data          28  display.o(.constdata)
    B3CC                                     0x080057c6   Data          28  display.o(.constdata)
    C0DB                                     0x080057e2   Data          28  display.o(.constdata)
    BCC6                                     0x080057fe   Data          28  display.o(.constdata)
    C2B7                                     0x0800581a   Data          28  display.o(.constdata)
    C2F6                                     0x08005836   Data          28  display.o(.constdata)
    B3E5                                     0x08005852   Data          28  display.o(.constdata)
    C0FA                                     0x0800586e   Data          28  display.o(.constdata)
    CAB7                                     0x0800588a   Data          28  display.o(.constdata)
    B9CA                                     0x080058a6   Data          28  display.o(.constdata)
    D5CF                                     0x080058c2   Data          28  display.o(.constdata)
    BCC7                                     0x080058de   Data          28  display.o(.constdata)
    C2BC                                     0x080058fa   Data          28  display.o(.constdata)
    D2E5                                     0x08005916   Data          28  display.o(.constdata)
    A1E6                                     0x08005932   Data          28  display.o(.constdata)
    A6B8                                     0x0800594e   Data          28  display.o(.constdata)
    A1E3                                     0x0800596a   Data          28  display.o(.constdata)
    A1F4                                     0x08005986   Data          28  display.o(.constdata)
    B0B8                                     0x080059a2   Data          28  display.o(.constdata)
    B5C8                                     0x080059be   Data          28  display.o(.constdata)
    B4FD                                     0x080059da   Data          28  display.o(.constdata)
    D6B1                                     0x080059f6   Data          28  display.o(.constdata)
    D7BC                                     0x08005a12   Data          28  display.o(.constdata)
    BCCC                                     0x08005a2e   Data          28  display.o(.constdata)
    BBD6                                     0x08005a4a   Data          28  display.o(.constdata)
    B8B4                                     0x08005a66   Data          28  display.o(.constdata)
    D3C5                                     0x08005a82   Data          28  display.o(.constdata)
    BBAF                                     0x08005a9e   Data          28  display.o(.constdata)
    B2C9                                     0x08005aba   Data          28  display.o(.constdata)
    CCD7                                     0x08005ad6   Data          28  display.o(.constdata)
    C3E6                                     0x08005af2   Data          28  display.o(.constdata)
    B0E5                                     0x08005b0e   Data          28  display.o(.constdata)
    B4AE                                     0x08005b2a   Data          28  display.o(.constdata)
    BFDA                                     0x08005b46   Data          28  display.o(.constdata)
    D6BB                                     0x08005b62   Data          28  display.o(.constdata)
    CAD6                                     0x08005b7e   Data          28  display.o(.constdata)
    B3A3                                     0x08005b9a   Data          28  display.o(.constdata)
    B2BB                                     0x08005bb6   Data          28  display.o(.constdata)
    B8FA                                     0x08005bd2   Data          28  display.o(.constdata)
    CBE6                                     0x08005bee   Data          28  display.o(.constdata)
    D3C9                                     0x08005c0a   Data          28  display.o(.constdata)
    BBBA                                     0x08005c26   Data          28  display.o(.constdata)
    C2FD                                     0x08005c42   Data          28  display.o(.constdata)
    D2E4                                     0x08005c5e   Data          28  display.o(.constdata)
    D2BB                                     0x08005c7a   Data          28  display.o(.constdata)
    CAB9                                     0x08005c96   Data          28  display.o(.constdata)
    D6F7                                     0x08005cb2   Data          28  display.o(.constdata)
    B8A8                                     0x08005cce   Data          28  display.o(.constdata)
    D6FA                                     0x08005cea   Data          28  display.o(.constdata)
    C9CF                                     0x08005d06   Data          28  display.o(.constdata)
    CFC2                                     0x08005d22   Data          28  display.o(.constdata)
    CFDE                                     0x08005d3e   Data          28  display.o(.constdata)
    C2CB                                     0x08005d5a   Data          28  display.o(.constdata)
    D6D0                                     0x08005d76   Data          28  display.o(.constdata)
    D1D3                                     0x08005d92   Data          28  display.o(.constdata)
    B3D9                                     0x08005dae   Data          28  display.o(.constdata)
    C6AB                                     0x08005dca   Data          28  display.o(.constdata)
    D4F6                                     0x08005de6   Data          28  display.o(.constdata)
    D2E6                                     0x08005e02   Data          28  display.o(.constdata)
    D0C4                                     0x08005e1e   Data          28  display.o(.constdata)
    CBC0                                     0x08005e3a   Data          28  display.o(.constdata)
    C7F8                                     0x08005e56   Data          28  display.o(.constdata)
    D7D6                                     0x08005e72   Data          28  display.o(.constdata)
    C0A1                                     0x08005e8e   Data          28  display.o(.constdata)
    CEA2                                     0x08005eaa   Data          28  display.o(.constdata)
    B5D8                                     0x08005ec6   Data          28  display.o(.constdata)
    D6B7                                     0x08005ee2   Data          28  display.o(.constdata)
    CCD8                                     0x08005efe   Data          28  display.o(.constdata)
    BEDD                                     0x08005f1a   Data          28  display.o(.constdata)
    B8F1                                     0x08005f36   Data          28  display.o(.constdata)
    B5B1                                     0x08005f52   Data          28  display.o(.constdata)
    C7B0                                     0x08005f6e   Data          28  display.o(.constdata)
    A878                                     0x08005f8a   Data          28  display.o(.constdata)
    A1EE                                     0x08005fa6   Data          28  display.o(.constdata)
    B6FE                                     0x08005fc2   Data          28  display.o(.constdata)
    C0E0                                     0x08005fde   Data          28  display.o(.constdata)
    D0CD                                     0x08005ffa   Data          28  display.o(.constdata)
    A1F1                                     0x08006016   Data          28  display.o(.constdata)
    A1F0                                     0x08006032   Data          28  display.o(.constdata)
    CEDE                                     0x0800604e   Data          28  display.o(.constdata)
    D1E9                                     0x0800606a   Data          28  display.o(.constdata)
    C6E6                                     0x08006086   Data          28  display.o(.constdata)
    C5BC                                     0x080060a2   Data          28  display.o(.constdata)
    C1BD                                     0x080060be   Data          28  display.o(.constdata)
    C8FD                                     0x080060da   Data          28  display.o(.constdata)
    BCD3                                     0x080060f6   Data          28  display.o(.constdata)
    BCF5                                     0x08006112   Data          28  display.o(.constdata)
    BDCF                                     0x0800612e   Data          28  display.o(.constdata)
    D5DF                                     0x0800614a   Data          28  display.o(.constdata)
    C7E5                                     0x08006166   Data          28  display.o(.constdata)
    C1F4                                     0x08006182   Data          28  display.o(.constdata)
    B1D5                                     0x0800619e   Data          28  display.o(.constdata)
    CDB3                                     0x080061ba   Data          28  display.o(.constdata)
    B5BD                                     0x080061d6   Data          28  display.o(.constdata)
    B4EF                                     0x080061f2   Data          28  display.o(.constdata)
    CFC8                                     0x0800620e   Data          28  display.o(.constdata)
    BAF3                                     0x0800622a   Data          28  display.o(.constdata)
    D4D9                                     0x08006246   Data          28  display.o(.constdata)
    D2EC                                     0x08006262   Data          28  display.o(.constdata)
    D4DA                                     0x0800627e   Data          28  display.o(.constdata)
    BDF8                                     0x0800629a   Data          28  display.o(.constdata)
    D6D8                                     0x080062b6   Data          28  display.o(.constdata)
    C1AC                                     0x080062d2   Data          28  display.o(.constdata)
    B1A7                                     0x080062ee   Data          28  display.o(.constdata)
    B6C1                                     0x0800630a   Data          28  display.o(.constdata)
    C8A1                                     0x08006326   Data          28  display.o(.constdata)
    C7EB                                     0x08006342   Data          28  display.o(.constdata)
    C9D4                                     0x0800635e   Data          28  display.o(.constdata)
    D0C2                                     0x0800637a   Data          28  display.o(.constdata)
    B4AB                                     0x08006396   Data          28  display.o(.constdata)
    C8B7                                     0x080063b2   Data          28  display.o(.constdata)
    CFFB                                     0x080063ce   Data          28  display.o(.constdata)
    CDEA                                     0x080063ea   Data          28  display.o(.constdata)
    B3C9                                     0x08006406   Data          28  display.o(.constdata)
    B8BA                                     0x08006422   Data          28  display.o(.constdata)
    C8F5                                     0x0800643e   Data          28  display.o(.constdata)
    D0D4                                     0x0800645a   Data          28  display.o(.constdata)
    BCD2                                     0x08006476   Data          28  display.o(.constdata)
    BDD3                                     0x08006492   Data          28  display.o(.constdata)
    B1DF                                     0x080064ae   Data          28  display.o(.constdata)
    D1D8                                     0x080064ca   Data          28  display.o(.constdata)
    C6BD                                     0x080064e6   Data          28  display.o(.constdata)
    D3B3                                     0x08006502   Data          28  display.o(.constdata)
    C9E4                                     0x0800651e   Data          28  display.o(.constdata)
    B9D5                                     0x0800653a   Data          28  display.o(.constdata)
    D4B4                                     0x08006556   Data          28  display.o(.constdata)
    C7FD                                     0x08006572   Data          28  display.o(.constdata)
    A88B                                     0x0800658e   Data          28  display.o(.constdata)
    A1F8                                     0x080065aa   Data          28  display.o(.constdata)
    A1F9                                     0x080065c6   Data          28  display.o(.constdata)
    A1F3                                     0x080065e2   Data          28  display.o(.constdata)
    B4ED                                     0x080065fe   Data          28  display.o(.constdata)
    CEF3                                     0x0800661a   Data          28  display.o(.constdata)
    CDCB                                     0x08006636   Data          28  display.o(.constdata)
    BDBB                                     0x08006652   Data          28  display.o(.constdata)
    B4A5                                     0x0800666e   Data          28  display.o(.constdata)
    BFEC                                     0x0800668a   Data          28  display.o(.constdata)
    D5B6                                     0x080066a6   Data          28  display.o(.constdata)
    C6F0                                     0x080066c2   Data          28  display.o(.constdata)
    CABC                                     0x080066de   Data          28  display.o(.constdata)
    BDE1                                     0x080066fa   Data          28  display.o(.constdata)
    CAF8                                     0x08006716   Data          28  display.o(.constdata)
    C7FA                                     0x08006732   Data          28  display.o(.constdata)
    BDE7                                     0x0800674e   Data          28  display.o(.constdata)
    BCE0                                     0x0800676a   Data          28  display.o(.constdata)
    BCCA                                     0x08006786   Data          28  display.o(.constdata)
    A1E1                                     0x080067a2   Data          28  display.o(.constdata)
    D7F7                                     0x080067be   Data          28  display.o(.constdata)
    B9DF                                     0x080067da   Data          30  display.o(.constdata)
    B5F5                                     0x080067f8   Data          28  display.o(.constdata)
    B4D3                                     0x08006814   Data          30  display.o(.constdata)
    B6CD                                     0x08006832   Data          28  display.o(.constdata)
    B4F2                                     0x0800684e   Data          28  display.o(.constdata)
    BBF7                                     0x0800686a   Data          28  display.o(.constdata)
    B7B5                                     0x08006886   Data          28  display.o(.constdata)
    BBD8                                     0x080068a2   Data          28  display.o(.constdata)
    B1EA                                     0x080068be   Data          28  display.o(.constdata)
    D6BE                                     0x080068da   Data          28  display.o(.constdata)
    CDAC                                     0x080068f6   Data          28  display.o(.constdata)
    CBA2                                     0x08006912   Data          28  display.o(.constdata)
    D1B6                                     0x0800692e   Data          28  display.o(.constdata)
    BDB5                                     0x0800694a   Data          28  display.o(.constdata)
    B3F5                                     0x08006966   Data          28  display.o(.constdata)
    C5A4                                     0x08006982   Data          28  display.o(.constdata)
    YCf                                      0x0800699e   Data           4  display.o(.constdata)
    Tab0                                     0x080069a2   Data           5  display.o(.constdata)
    Tab1                                     0x080069a7   Data           5  display.o(.constdata)
    Blank3                                   0x080069ac   Data           4  display.o(.constdata)
    Blank6                                   0x080069b0   Data           7  display.o(.constdata)
    Blank7                                   0x080069b7   Data           8  display.o(.constdata)
    Blank9                                   0x080069bf   Data          10  display.o(.constdata)
    Blank19                                  0x080069c9   Data          20  display.o(.constdata)
    rpm                                      0x080069dd   Data          16  display.o(.constdata)
    RunState                                 0x080069ed   Data          45  display.o(.constdata)
    List_Menu                                0x08006a1a   Data         208  display.o(.constdata)
    List_RunMode                             0x08006aea   Data         182  display.o(.constdata)
    List_RunPara                             0x08006ba0   Data         260  display.o(.constdata)
    List_SpeedSet                            0x08006ca4   Data          78  display.o(.constdata)
    List_TerminalDef                         0x08006cf2   Data         364  display.o(.constdata)
    List_TerminalCfg                         0x08006e5e   Data         455  display.o(.constdata)
    List_AnalogICfg                          0x08007025   Data         338  display.o(.constdata)
    List_MultistageSpeed                     0x08007177   Data         117  display.o(.constdata)
    List_ProcessPID                          0x080071ec   Data         104  display.o(.constdata)
    List_CommPara                            0x08007254   Data          65  display.o(.constdata)
    List_CommPara2                           0x08007295   Data          52  display.o(.constdata)
    List_ProcessControl                      0x080072c9   Data         169  display.o(.constdata)
    List_Characteristic                      0x08007372   Data         221  display.o(.constdata)
    List_ErrorHistory                        0x0800744f   Data          39  display.o(.constdata)
    List_TestPara                            0x08007476   Data         143  display.o(.constdata)
    List_AdvancePar                          0x08007505   Data         273  display.o(.constdata)
    List_InterfaceManage                     0x08007616   Data          39  display.o(.constdata)
    List_FirmPara                            0x0800763d   Data         533  display.o(.constdata)
    List_ForgePara                           0x08007852   Data         403  display.o(.constdata)
    List_CtrSrc                              0x080079e5   Data          52  display.o(.constdata)
    List_CtrSrc2                             0x08007a19   Data          52  display.o(.constdata)
    List_DirSet                              0x08007a4d   Data          52  display.o(.constdata)
    List_StopLock                            0x08007a81   Data          39  display.o(.constdata)
    List_FwdStart                            0x08007aa8   Data          52  display.o(.constdata)
    List_RevStart                            0x08007adc   Data          52  display.o(.constdata)
    List_FwdStop                             0x08007b10   Data          39  display.o(.constdata)
    List_RevStop                             0x08007b37   Data          39  display.o(.constdata)
    List_ONOFF                               0x08007b5e   Data          65  display.o(.constdata)
    List_BrakeSel                            0x08007b9f   Data          52  display.o(.constdata)
    List_LcompenEn1                          0x08007bd3   Data          39  display.o(.constdata)
    List_LcompenEn2                          0x08007bfa   Data          39  display.o(.constdata)
    List_LcompenEn3                          0x08007c21   Data          39  display.o(.constdata)
    List_LcompenEn                           0x08007c48   Data          39  display.o(.constdata)
    List_FwdSpeed                            0x08007c6f   Data          39  display.o(.constdata)
    List_RevSpeed                            0x08007c96   Data          39  display.o(.constdata)
    List_JogFwdSpeed                         0x08007cbd   Data          39  display.o(.constdata)
    List_JogRevSpeed                         0x08007ce4   Data          39  display.o(.constdata)
    List_AdjStep                             0x08007d0b   Data          39  display.o(.constdata)
    List_RisingTime                          0x08007d32   Data          39  display.o(.constdata)
    List_FallingTime                         0x08007d59   Data          39  display.o(.constdata)
    List_JogRisingTime                       0x08007d80   Data          39  display.o(.constdata)
    List_JogFallingTime                      0x08007da7   Data          39  display.o(.constdata)
    List_StartCurrentSet                     0x08007dce   Data          39  display.o(.constdata)
    List_LockCurrent                         0x08007df5   Data          39  display.o(.constdata)
    List_JumpSpeed                           0x08007e1c   Data          39  display.o(.constdata)
    List_JumpRange                           0x08007e43   Data          39  display.o(.constdata)
    List_DeadZone                            0x08007e6a   Data          39  display.o(.constdata)
    List_BleedResist                         0x08007e91   Data          39  display.o(.constdata)
    List_BleedCurrent                        0x08007eb8   Data          39  display.o(.constdata)
    List_BleedUpVolt                         0x08007edf   Data          39  display.o(.constdata)
    List_MaxSpeed                            0x08007f06   Data          39  display.o(.constdata)
    List_MinSpeed                            0x08007f2d   Data          39  display.o(.constdata)
    List_Speed0216                           0x08007f54   Data          39  display.o(.constdata)
    List_Speed0217                           0x08007f7b   Data          39  display.o(.constdata)
    List_Speed0218                           0x08007fa2   Data          39  display.o(.constdata)
    List_Speed0219                           0x08007fc9   Data          39  display.o(.constdata)
    List_Speed0220                           0x08007ff0   Data          39  display.o(.constdata)
    List_Speed0221                           0x08008017   Data          39  display.o(.constdata)
    List_Relation                            0x0800803e   Data          65  display.o(.constdata)
    List_SpeedMainSrc                        0x0800807f   Data         169  display.o(.constdata)
    List_SpeedAssistSrc                      0x08008128   Data          91  display.o(.constdata)
    List_Src0103                             0x08008183   Data          91  display.o(.constdata)
    List_Src0104                             0x080081de   Data         104  display.o(.constdata)
    List_AssistSrcRange                      0x08008246   Data          39  display.o(.constdata)
    List_AssistSrcRate                       0x0800826d   Data          39  display.o(.constdata)
    List_TerminalCtr                         0x08008294   Data          65  display.o(.constdata)
    List_DI_Fun                              0x080082d5   Data         234  display.o(.constdata)
    List_DI7_Fun                             0x080083bf   Data         234  display.o(.constdata)
    List_D0_Fun                              0x080084a9   Data         117  display.o(.constdata)
    List_DO4_Fun                             0x0800851e   Data          78  display.o(.constdata)
    List_A01_Fun                             0x0800856c   Data         117  display.o(.constdata)
    List_A02_Fun                             0x080085e1   Data         117  display.o(.constdata)
    List_Pulse_Fun                           0x08008656   Data         130  display.o(.constdata)
    List_AI_FilterTime                       0x080086d8   Data          39  display.o(.constdata)
    List_DI_FilterTime01                     0x080086ff   Data          39  display.o(.constdata)
    List_DO_FilterTime02                     0x08008726   Data          39  display.o(.constdata)
    List_AI1_Min03                           0x0800874d   Data          39  display.o(.constdata)
    List_AI1_MinRatio04                      0x08008774   Data          39  display.o(.constdata)
    List_AI1_Mid105                          0x0800879b   Data          39  display.o(.constdata)
    List_AI1_Mid1Ratio06                     0x080087c2   Data          39  display.o(.constdata)
    List_AI1_Mid207                          0x080087e9   Data          39  display.o(.constdata)
    List_AI1_Mid2Ratio08                     0x08008810   Data          39  display.o(.constdata)
    List_AI1_Max09                           0x08008837   Data          39  display.o(.constdata)
    List_AI1_MaxRatio10                      0x0800885e   Data          39  display.o(.constdata)
    List_AI2_Min11                           0x08008885   Data          39  display.o(.constdata)
    List_AI2_MinRatio12                      0x080088ac   Data          39  display.o(.constdata)
    List_AI2_Mid113                          0x080088d3   Data          39  display.o(.constdata)
    List_AI2_Mid1Ratio14                     0x080088fa   Data          39  display.o(.constdata)
    List_AI2_Mid215                          0x08008921   Data          39  display.o(.constdata)
    List_AI2_Mid2Ratio16                     0x08008948   Data          39  display.o(.constdata)
    List_AI2_Max17                           0x0800896f   Data          39  display.o(.constdata)
    List_AI2_MaxRatio18                      0x08008996   Data          39  display.o(.constdata)
    List_AI3_Min19                           0x080089bd   Data          39  display.o(.constdata)
    List_AI3_MinRatio20                      0x080089e4   Data          39  display.o(.constdata)
    List_AI3_Mid121                          0x08008a0b   Data          39  display.o(.constdata)
    List_AI3_Mid1Ratio22                     0x08008a32   Data          39  display.o(.constdata)
    List_AI3_Mid223                          0x08008a59   Data          39  display.o(.constdata)
    List_AI3_Mid2Ratio24                     0x08008a80   Data          39  display.o(.constdata)
    List_AI3_Max25                           0x08008aa7   Data          39  display.o(.constdata)
    List_AI3_MaxRatio26                      0x08008ace   Data          39  display.o(.constdata)
    List_DI_FilterTime                       0x08008af5   Data          39  display.o(.constdata)
    List_Pulse_FilterTime                    0x08008b1c   Data          39  display.o(.constdata)
    List_Pulse_Min27                         0x08008b43   Data          39  display.o(.constdata)
    List_Pulse_MinRatio28                    0x08008b6a   Data          39  display.o(.constdata)
    List_Pulse_Max29                         0x08008b91   Data          39  display.o(.constdata)
    List_Pulse_MaxRatio30                    0x08008bb8   Data          39  display.o(.constdata)
    List_DICtrEn313233                       0x08008bdf   Data          39  display.o(.constdata)
    List_DO_Delay                            0x08008c06   Data          39  display.o(.constdata)
    List_Pulse_Delay                         0x08008c2d   Data          39  display.o(.constdata)
    List_AO_Delay                            0x08008c54   Data          39  display.o(.constdata)
    List_AO1_Zero                            0x08008c7b   Data          39  display.o(.constdata)
    List_AO1_Gain                            0x08008ca2   Data          39  display.o(.constdata)
    List_AO2_Zero                            0x08008cc9   Data          39  display.o(.constdata)
    List_AO2_Gain                            0x08008cf0   Data          39  display.o(.constdata)
    List_Pulse_Range                         0x08008d17   Data          39  display.o(.constdata)
    List_Pulse_Centre                        0x08008d3e   Data          52  display.o(.constdata)
    List_Stage0                              0x08008d72   Data          39  display.o(.constdata)
    List_Stage1                              0x08008d99   Data          39  display.o(.constdata)
    List_Stage2                              0x08008dc0   Data          39  display.o(.constdata)
    List_Stage3                              0x08008de7   Data          39  display.o(.constdata)
    List_Stage4                              0x08008e0e   Data          39  display.o(.constdata)
    List_Stage5                              0x08008e35   Data          39  display.o(.constdata)
    List_Stage6                              0x08008e5c   Data          39  display.o(.constdata)
    List_Stage7                              0x08008e83   Data          39  display.o(.constdata)
    List_SetSrc                              0x08008eaa   Data          78  display.o(.constdata)
    List_SetGain                             0x08008ef8   Data          39  display.o(.constdata)
    List_FeedbackSrc                         0x08008f1f   Data         117  display.o(.constdata)
    List_Feedback                            0x08008f94   Data          39  display.o(.constdata)
    List_P_gain                              0x08008fbb   Data          39  display.o(.constdata)
    List_I_time                              0x08008fe2   Data          39  display.o(.constdata)
    List_D_time                              0x08009009   Data          39  display.o(.constdata)
    List_Cal_Mode                            0x08009030   Data          39  display.o(.constdata)
    List_AddrCode                            0x08009057   Data          39  display.o(.constdata)
    List_Bode                                0x0800907e   Data          39  display.o(.constdata)
    List_Check                               0x080090a5   Data          52  display.o(.constdata)
    List_ComDelaytime                        0x080090d9   Data          39  display.o(.constdata)
    List_CAN_ControlMS                       0x08009100   Data          39  display.o(.constdata)
    List_CAN_ControlEN                       0x08009127   Data          39  display.o(.constdata)
    List_CAN_knot                            0x0800914e   Data          39  display.o(.constdata)
    List_CAN_bps                             0x08009175   Data          39  display.o(.constdata)
    List_CAN_Refresh                         0x0800919c   Data          39  display.o(.constdata)
    List_AddrCode2                           0x080091c3   Data          39  display.o(.constdata)
    List_Bode2                               0x080091ea   Data          39  display.o(.constdata)
    List_CAN_Refresh2                        0x08009211   Data          39  display.o(.constdata)
    List_ProcessCtrEn                        0x08009238   Data          39  display.o(.constdata)
    List_TimeSet                             0x0800925f   Data          39  display.o(.constdata)
    List_ForCounterSet                       0x08009286   Data          39  display.o(.constdata)
    List_RevCounterSet                       0x080092ad   Data          39  display.o(.constdata)
    List_ForAngleSet                         0x080092d4   Data          39  display.o(.constdata)
    List_RevAngleSet                         0x080092fb   Data          39  display.o(.constdata)
    List_StartDir                            0x08009322   Data          39  display.o(.constdata)
    List_BrakeEn                             0x08009349   Data          39  display.o(.constdata)
    List_FwdBreakEn                          0x08009370   Data          39  display.o(.constdata)
    List_RevBreakEn                          0x08009397   Data          39  display.o(.constdata)
    List_FwdAngle                            0x080093be   Data          39  display.o(.constdata)
    List_RevAngle                            0x080093e5   Data          39  display.o(.constdata)
    List_FwdTime                             0x0800940c   Data          39  display.o(.constdata)
    List_RevTime                             0x08009433   Data          39  display.o(.constdata)
    List_ForwStart_speed                     0x0800945a   Data          39  display.o(.constdata)
    List_RevStart_speed                      0x08009481   Data          39  display.o(.constdata)
    List_RRatedPower                         0x080094a8   Data          26  display.o(.constdata)
    List_RRatedVoltage                       0x080094c2   Data          26  display.o(.constdata)
    List_RRatedSpeed                         0x080094dc   Data          26  display.o(.constdata)
    List_RRatedTorque                        0x080094f6   Data          26  display.o(.constdata)
    List_RPhaseCurrent                       0x08009510   Data          26  display.o(.constdata)
    List_RPhaseCurrent1002                   0x0800952a   Data          26  display.o(.constdata)
    List_RPhaseCurrent1003                   0x08009544   Data          26  display.o(.constdata)
    List_RPhaseCurrent1004                   0x0800955e   Data          26  display.o(.constdata)
    List_RPhaseCurrent1005                   0x08009578   Data          26  display.o(.constdata)
    List_Characteristic1006                  0x08009592   Data          26  display.o(.constdata)
    List_RRatedVoltage1007                   0x080095ac   Data          26  display.o(.constdata)
    List_Characteristic1008                  0x080095c6   Data          26  display.o(.constdata)
    List_Characteristic1009                  0x080095e0   Data          26  display.o(.constdata)
    List_RApplication                        0x080095fa   Data          78  display.o(.constdata)
    List_RPID                                0x08009648   Data          26  display.o(.constdata)
    List_Characteristic1011                  0x08009662   Data          26  display.o(.constdata)
    List_Characteristic1012                  0x0800967c   Data          39  display.o(.constdata)
    List_Characteristic1013                  0x080096a3   Data          39  display.o(.constdata)
    List_SVDSP                               0x080096ca   Data          39  display.o(.constdata)
    List_SVCPLD                              0x080096f1   Data          39  display.o(.constdata)
    List_Err1                                0x08009718   Data          91  display.o(.constdata)
    List_Err2                                0x08009773   Data          91  display.o(.constdata)
    List_BusAdj                              0x080097ce   Data          39  display.o(.constdata)
    List_PosAdj                              0x080097f5   Data          40  display.o(.constdata)
    List_PosAdjEnd                           0x0800981d   Data          40  display.o(.constdata)
    ACurrentTest                             0x08009845   Data          40  display.o(.constdata)
    BCurrentTest                             0x0800986d   Data          40  display.o(.constdata)
    CCurrentTest                             0x08009895   Data          40  display.o(.constdata)
    BrakeTest                                0x080098bd   Data          40  display.o(.constdata)
    List_nei                                 0x080098e5   Data         117  display.o(.constdata)
    List_wai                                 0x0800995a   Data         117  display.o(.constdata)
    List_Test7FFF                            0x080099cf   Data          40  display.o(.constdata)
    List_CarrierFrequency                    0x080099f7   Data          39  display.o(.constdata)
    List_MotorFun                            0x08009a1e   Data          39  display.o(.constdata)
    List_CtrFun                              0x08009a45   Data          39  display.o(.constdata)
    List_MotorOverTemp                       0x08009a6c   Data          39  display.o(.constdata)
    List_OverTemp                            0x08009a93   Data          39  display.o(.constdata)
    List_OverSpeed                           0x08009aba   Data          39  display.o(.constdata)
    List_OverVoltage                         0x08009ae1   Data          39  display.o(.constdata)
    List_LowVoltage                          0x08009b08   Data          39  display.o(.constdata)
    List_OverTorqueTime                      0x08009b2f   Data          39  display.o(.constdata)
    List_OverTorque                          0x08009b56   Data          39  display.o(.constdata)
    List_BrakeCurrentRatio                   0x08009b7d   Data          39  display.o(.constdata)
    List_AutoStartNum                        0x08009ba4   Data          39  display.o(.constdata)
    List_StopRunTime                         0x08009bcb   Data          39  display.o(.constdata)
    List_RotaryInertia                       0x08009bf2   Data          39  display.o(.constdata)
    List_gjcs1312                            0x08009c19   Data          39  display.o(.constdata)
    List_gjcs1313                            0x08009c40   Data          39  display.o(.constdata)
    List_gjcs1314                            0x08009c67   Data          39  display.o(.constdata)
    List_gjcs1317                            0x08009c8e   Data          39  display.o(.constdata)
    List_gjcs1315                            0x08009cb5   Data          26  display.o(.constdata)
    List_PISet                               0x08009ccf   Data         104  display.o(.constdata)
    S1P                                      0x08009d37   Data          39  display.o(.constdata)
    S1I                                      0x08009d5e   Data          39  display.o(.constdata)
    S2P                                      0x08009d85   Data          39  display.o(.constdata)
    S2I                                      0x08009dac   Data          39  display.o(.constdata)
    S3P                                      0x08009dd3   Data          39  display.o(.constdata)
    S3I                                      0x08009dfa   Data          39  display.o(.constdata)
    S4P                                      0x08009e21   Data          39  display.o(.constdata)
    S4I                                      0x08009e48   Data          39  display.o(.constdata)
    List_SwitchPara1                         0x08009e6f   Data          39  display.o(.constdata)
    List_SwitchPara2                         0x08009e96   Data          39  display.o(.constdata)
    List_SwitchPara3                         0x08009ebd   Data          39  display.o(.constdata)
    List_SpeedUpStartTime                    0x08009ee4   Data          39  display.o(.constdata)
    List_SpeedUpEndTime                      0x08009f0b   Data          39  display.o(.constdata)
    List_SpeedDownStartTime                  0x08009f32   Data          39  display.o(.constdata)
    List_SpeedDownEndTime                    0x08009f59   Data          39  display.o(.constdata)
    List_SpeedUpStartP                       0x08009f80   Data          39  display.o(.constdata)
    List_SpeedUpEndP                         0x08009fa7   Data          39  display.o(.constdata)
    List_SpeedDownStartP                     0x08009fce   Data          39  display.o(.constdata)
    List_SpeedDownEndP                       0x08009ff5   Data          39  display.o(.constdata)
    Wenbu1                                   0x0800a01c   Data          39  display.o(.constdata)
    Wenbu2                                   0x0800a043   Data          39  display.o(.constdata)
    Wenbu3                                   0x0800a06a   Data          39  display.o(.constdata)
    List_KeyLock                             0x0800a091   Data          39  display.o(.constdata)
    List_Password                            0x0800a0b8   Data          20  display.o(.constdata)
    List_Password3                           0x0800a0cc   Data          20  display.o(.constdata)
    List_JKCustomMenu                        0x0800a0e0   Data         338  display.o(.constdata)
    List_JKCustomMenu2                       0x0800a232   Data         273  display.o(.constdata)
    List_JKmenuLen                           0x0800a343   Data          39  display.o(.constdata)
    List_PhaseA_I                            0x0800a36a   Data          26  display.o(.constdata)
    List_PhaseB_I                            0x0800a384   Data          26  display.o(.constdata)
    List_PhaseC_I                            0x0800a39e   Data          26  display.o(.constdata)
    List_Sanre                               0x0800a3b8   Data          26  display.o(.constdata)
    List_AngleOn                             0x0800a3d2   Data          26  display.o(.constdata)
    List_AngleOff                            0x0800a3ec   Data          26  display.o(.constdata)
    List_DesireDAC                           0x0800a406   Data          26  display.o(.constdata)
    List_SpeedAdj_P                          0x0800a420   Data          26  display.o(.constdata)
    List_SpeedAdj_I                          0x0800a43a   Data          26  display.o(.constdata)
    List_PhaseMaxCurrentSet                  0x0800a454   Data          26  display.o(.constdata)
    List_PhaseMinInductanceSet               0x0800a46e   Data          26  display.o(.constdata)
    List_PhaseMaxInductanceSet               0x0800a488   Data          26  display.o(.constdata)
    List_CoilResistanceSet                   0x0800a4a2   Data          26  display.o(.constdata)
    List_LeakageIndSet                       0x0800a4bc   Data          26  display.o(.constdata)
    List_ZeroPosAdj                          0x0800a4d6   Data          26  display.o(.constdata)
    List_BusDCV                              0x0800a4f0   Data          26  display.o(.constdata)
    List_OutCurrent                          0x0800a50a   Data          26  display.o(.constdata)
    List_ACurrent                            0x0800a524   Data          26  display.o(.constdata)
    List_BCurrent                            0x0800a53e   Data          26  display.o(.constdata)
    List_CCurrent                            0x0800a558   Data          26  display.o(.constdata)
    List_Dtemp                               0x0800a572   Data          26  display.o(.constdata)
    List_Mtemp                               0x0800a58c   Data          26  display.o(.constdata)
    List_JAI1                                0x0800a5a6   Data          26  display.o(.constdata)
    List_JAI2                                0x0800a5c0   Data          26  display.o(.constdata)
    List_JAI3                                0x0800a5da   Data          26  display.o(.constdata)
    List_JAO1                                0x0800a5f4   Data          26  display.o(.constdata)
    List_JAO2                                0x0800a60e   Data          26  display.o(.constdata)
    List_CurrentFPoint1                      0x0800a628   Data          39  display.o(.constdata)
    List_CurrentFPoint2                      0x0800a64f   Data          39  display.o(.constdata)
    List_CurrentFPoint3                      0x0800a676   Data          39  display.o(.constdata)
    List_CurrentFPoint4                      0x0800a69d   Data          39  display.o(.constdata)
    List_CurrentFPoint5                      0x0800a6c4   Data          39  display.o(.constdata)
    List_TorqueFPoint1                       0x0800a6eb   Data          39  display.o(.constdata)
    List_TorqueFPoint2                       0x0800a712   Data          39  display.o(.constdata)
    List_TorqueFPoint3                       0x0800a739   Data          39  display.o(.constdata)
    List_TorqueFPoint4                       0x0800a760   Data          39  display.o(.constdata)
    List_TorqueFPoint5                       0x0800a787   Data          39  display.o(.constdata)
    List_RunTime                             0x0800a7ae   Data          39  display.o(.constdata)
    List_ForgeNum0                           0x0800a7d5   Data          39  display.o(.constdata)
    List_ForgeAngle0                         0x0800a7fc   Data          39  display.o(.constdata)
    List_ForgeSpeed0                         0x0800a823   Data          39  display.o(.constdata)
    List_ReturnSpeed0                        0x0800a84a   Data          39  display.o(.constdata)
    List_IntervalTime0                       0x0800a871   Data          39  display.o(.constdata)
    List_ForgeTorque0                        0x0800a898   Data          39  display.o(.constdata)
    List_ForgeNum1                           0x0800a8bf   Data          39  display.o(.constdata)
    List_ForgeAngle1                         0x0800a8e6   Data          39  display.o(.constdata)
    List_ForgeSpeed1                         0x0800a90d   Data          39  display.o(.constdata)
    List_ReturnSpeed1                        0x0800a934   Data          39  display.o(.constdata)
    List_IntervalTime1                       0x0800a95b   Data          39  display.o(.constdata)
    List_ForgeTorque1                        0x0800a982   Data          39  display.o(.constdata)
    List_ForgeNum2                           0x0800a9a9   Data          39  display.o(.constdata)
    List_ForgeAngle2                         0x0800a9d0   Data          39  display.o(.constdata)
    List_ForgeSpeed2                         0x0800a9f7   Data          39  display.o(.constdata)
    List_ReturnSpeed2                        0x0800aa1e   Data          39  display.o(.constdata)
    List_IntervalTime2                       0x0800aa45   Data          39  display.o(.constdata)
    List_ForgeTorque2                        0x0800aa6c   Data          39  display.o(.constdata)
    List_ForgeNum3                           0x0800aa93   Data          39  display.o(.constdata)
    List_ForgeAngle3                         0x0800aaba   Data          39  display.o(.constdata)
    List_ForgeSpeed3                         0x0800aae1   Data          39  display.o(.constdata)
    List_ReturnSpeed3                        0x0800ab08   Data          39  display.o(.constdata)
    List_IntervalTime3                       0x0800ab2f   Data          39  display.o(.constdata)
    List_ForgeTorque3                        0x0800ab56   Data          39  display.o(.constdata)
    List_ForgeNum4                           0x0800ab7d   Data          39  display.o(.constdata)
    List_ForgeAngle4                         0x0800aba4   Data          39  display.o(.constdata)
    List_ForgeSpeed4                         0x0800abcb   Data          39  display.o(.constdata)
    List_ReturnSpeed4                        0x0800abf2   Data          39  display.o(.constdata)
    List_IntervalTime4                       0x0800ac19   Data          39  display.o(.constdata)
    List_ForgeTorque4                        0x0800ac40   Data          39  display.o(.constdata)
    List_Err1Type                            0x0800ac67   Data         286  display.o(.constdata)
    List_Err1Feedspeed                       0x0800ad85   Data          26  display.o(.constdata)
    List_Err1BusI                            0x0800ad9f   Data          26  display.o(.constdata)
    List_Err1BusV                            0x0800adb9   Data          26  display.o(.constdata)
    List_Err1RunState                        0x0800add3   Data         143  display.o(.constdata)
    List_Err1Runtime                         0x0800ae62   Data          26  display.o(.constdata)
    List_Err2Type                            0x0800ae7c   Data         299  display.o(.constdata)
    List_SysErrType                          0x0800afa7   Data         299  display.o(.constdata)
    List_Err2Feedspeed                       0x0800b0d2   Data          26  display.o(.constdata)
    List_Err2BusI                            0x0800b0ec   Data          26  display.o(.constdata)
    List_Err2BusV                            0x0800b106   Data          26  display.o(.constdata)
    List_Err2RunState                        0x0800b120   Data         143  display.o(.constdata)
    List_Err2Runtime                         0x0800b1af   Data          26  display.o(.constdata)
    List_CurState                            0x0800b1c9   Data         143  display.o(.constdata)
    List_JKVariable                          0x0800b258   Data          76  display.o(.constdata)
    List_JkUnit                              0x0800b2a4   Data          76  display.o(.constdata)
    List_Sign                                0x0800b2f0   Data           6  display.o(.constdata)
    List_Symbol                              0x0800b2f6   Data          12  display.o(.constdata)
    List_Symbol3                             0x0800b302   Data          20  display.o(.constdata)
    List_SRC                                 0x0800b316   Data          24  display.o(.constdata)
    List_JKState                             0x0800b32e   Data          78  display.o(.constdata)
    List_JKERr                               0x0800b37c   Data         110  display.o(.constdata)
    List_JKBlank1                            0x0800b3ea   Data          12  display.o(.constdata)
    List_JKBlank                             0x0800b3f6   Data          12  display.o(.constdata)
    List_PasswordErr                         0x0800b402   Data          40  display.o(.constdata)
    List_DownLOADErr                         0x0800b42a   Data          40  display.o(.constdata)
    List_UPloadErr                           0x0800b452   Data          40  display.o(.constdata)
    DownLoadEnd                              0x0800b47a   Data          40  display.o(.constdata)
    UpLoadEnd                                0x0800b4a2   Data          40  display.o(.constdata)
    ComErr                                   0x0800b4ca   Data          60  display.o(.constdata)
    SysErr                                   0x0800b506   Data          60  display.o(.constdata)
    systemInit                               0x0800b542   Data          40  display.o(.constdata)
    UpLoadCfg                                0x0800b56a   Data          40  display.o(.constdata)
    ReUpLoadCfg                              0x0800b592   Data          40  display.o(.constdata)
    Restore                                  0x0800b5ba   Data          40  display.o(.constdata)
    DownLoadCfg                              0x0800b5e2   Data          40  display.o(.constdata)
    Region$$Table$$Base                      0x0800b60c   Number         0  anon$$obj.o(Region$$Table)
    Region$$Table$$Limit                     0x0800b62c   Number         0  anon$$obj.o(Region$$Table)
    Attr                                     0x20000000   Data           1  main.o(.data)
    CurList                                  0x20000004   Data           4  main.o(.data)
    SystemCoreClock                          0x20000008   Data           4  system_stm32f10x.o(.data)
    AHBPrescTable                            0x2000000c   Data          16  system_stm32f10x.o(.data)
    Hzk                                      0x2000001d   Data        1664  oled.o(.data)
    BMP1                                     0x2000069d   Data        1024  display.o(.data)
    BMP2                                     0x20000a9d   Data        1024  display.o(.data)
    BMP3                                     0x20000e9d   Data        1024  display.o(.data)
    BMP4                                     0x2000129d   Data        1024  display.o(.data)
    BMP5                                     0x2000169d   Data        1024  display.o(.data)
    BMP6                                     0x20001a9d   Data        1024  display.o(.data)
    BMP7                                     0x20001e9d   Data        1024  display.o(.data)
    BMP8                                     0x2000229d   Data        1024  display.o(.data)
    Interface                                0x2000269d   Data           1  display.o(.data)
    t                                        0x2000269e   Data           1  display.o(.data)
    __stdout                                 0x200026a4   Data           4  usart.o(.data)
    USART_RX_STA                             0x200026a8   Data           2  usart.o(.data)
    Dis                                      0x200026c0   Data          32  main.o(.bss)
    USART_RX_BUF                             0x200026e0   Data         200  usart.o(.bss)
    __initial_sp                             0x20002ba8   Data           0  startup_stm32f10x_hd.o(STACK)



==============================================================================

Memory Map of the image

  Image Entry point : 0x08000131

  Load Region LR_IROM1 (Base: 0x08000000, Size: 0x0000dcec, Max: 0x00010000, ABSOLUTE, COMPRESSED[0x0000c964])

    Execution Region ER_IROM1 (Base: 0x08000000, Size: 0x0000b62c, Max: 0x00010000, ABSOLUTE)

    Base Addr    Size         Type   Attr      Idx    E Section Name        Object

    0x08000000   0x00000130   Data   RO          348    RESET               startup_stm32f10x_hd.o
    0x08000130   0x00000000   Code   RO          403  * .ARM.Collect$$$$00000000  mc_w.l(entry.o)
    0x08000130   0x00000004   Code   RO          406    .ARM.Collect$$$$00000001  mc_w.l(entry2.o)
    0x08000134   0x00000004   Code   RO          409    .ARM.Collect$$$$00000004  mc_w.l(entry5.o)
    0x08000138   0x00000000   Code   RO          411    .ARM.Collect$$$$00000008  mc_w.l(entry7b.o)
    0x08000138   0x00000000   Code   RO          413    .ARM.Collect$$$$0000000A  mc_w.l(entry8b.o)
    0x08000138   0x00000008   Code   RO          414    .ARM.Collect$$$$0000000B  mc_w.l(entry9a.o)
    0x08000140   0x00000000   Code   RO          416    .ARM.Collect$$$$0000000D  mc_w.l(entry10a.o)
    0x08000140   0x00000000   Code   RO          418    .ARM.Collect$$$$0000000F  mc_w.l(entry11a.o)
    0x08000140   0x00000004   Code   RO          407    .ARM.Collect$$$$00002712  mc_w.l(entry2.o)
    0x08000144   0x000001f0   Code   RO            1    .text               main.o
    0x08000334   0x0000001a   Code   RO          147    .text               stm32f10x_it.o
    0x0800034e   0x00000002   PAD
    0x08000350   0x000001e0   Code   RO          188    .text               system_stm32f10x.o
    0x08000530   0x000000a0   Code   RO          206    .text               led.o
    0x080005d0   0x000000d4   Code   RO          218    .text               key.o
    0x080006a4   0x000005ec   Code   RO          231    .text               oled.o
    0x08000c90   0x00001650   Code   RO          253    .text               display.o
    0x080022e0   0x000000d4   Code   RO          282    .text               delay.o
    0x080023b4   0x00000140   Code   RO          313    .text               usart.o
    0x080024f4   0x00000024   Code   RO          349    .text               startup_stm32f10x_hd.o
    0x08002518   0x0000035c   Code   RO          353    .text               stm32f10x_gpio.o
    0x08002874   0x000003a4   Code   RO          365    .text               stm32f10x_rcc.o
    0x08002c18   0x0000041a   Code   RO          379    .text               stm32f10x_usart.o
    0x08003032   0x00000002   PAD
    0x08003034   0x000000dc   Code   RO          391    .text               misc.o
    0x08003110   0x00000024   Code   RO          420    .text               mc_w.l(init.o)
    0x08003134   0x00000056   Code   RO          430    .text               mc_w.l(__dczerorl2.o)
    0x0800318a   0x0000000e   Code   RO          424    i.__scatterload_copy  mc_w.l(handlers.o)
    0x08003198   0x00000002   Code   RO          425    i.__scatterload_null  mc_w.l(handlers.o)
    0x0800319a   0x0000000e   Code   RO          426    i.__scatterload_zeroinit  mc_w.l(handlers.o)
    0x080031a8   0x0000003c   Data   RO            3    .constdata          main.o
    0x080031e4   0x00000818   Data   RO          232    .constdata          oled.o
    0x080039fc   0x00007c0e   Data   RO          254    .constdata          display.o
    0x0800b60a   0x00000002   PAD
    0x0800b60c   0x00000020   Data   RO          422    Region$$Table       anon$$obj.o


    Execution Region RW_IRAM1 (Base: 0x20000000, Size: 0x00002ba8, Max: 0x00005000, ABSOLUTE, COMPRESSED[0x00001338])

    Base Addr    Size         Type   Attr      Idx    E Section Name        Object

    0x20000000   0x00000008   Data   RW            4    .data               main.o
    0x20000008   0x00000014   Data   RW          189    .data               system_stm32f10x.o
    0x2000001c   0x00000001   Data   RW          219    .data               key.o
    0x2000001d   0x00000680   Data   RW          233    .data               oled.o
    0x2000069d   0x00002002   Data   RW          255    .data               display.o
    0x2000269f   0x00000001   PAD
    0x200026a0   0x00000004   Data   RW          283    .data               delay.o
    0x200026a4   0x00000006   Data   RW          315    .data               usart.o
    0x200026aa   0x00000014   Data   RW          366    .data               stm32f10x_rcc.o
    0x200026be   0x00000002   PAD
    0x200026c0   0x00000020   Zero   RW            2    .bss                main.o
    0x200026e0   0x000000c8   Zero   RW          314    .bss                usart.o
    0x200027a8   0x00000400   Zero   RW          346    STACK               startup_stm32f10x_hd.o


==============================================================================

Image component sizes


      Code (inc. data)   RO Data    RW Data    ZI Data      Debug   Object Name

       212         18          0          4          0        987   delay.o
      5712       1486      31758       8194          0      42977   display.o
       212         18          0          1          0        804   key.o
       160         18          0          0          0        667   led.o
       496        118         60          8         32     241355   main.o
       220         22          0          0          0       1745   misc.o
      1516         22       2072       1664          0       6717   oled.o
        36          8        304          0       1024        764   startup_stm32f10x_hd.o
       860         38          0          0          0       5677   stm32f10x_gpio.o
        26          0          0          0          0       1150   stm32f10x_it.o
       932         36          0         20          0       8824   stm32f10x_rcc.o
      1050         20          0          0          0       8460   stm32f10x_usart.o
         0          0          0          0          0         32   sys.o
       480         38          0         20          0       1655   system_stm32f10x.o
       320         18          0          6        200       3050   usart.o

    ----------------------------------------------------------------------
     12236       1860      34228       9920       1256     324864   Object Totals
         0          0         32          0          0          0   (incl. Generated)
         4          0          2          3          0          0   (incl. Padding)

    ----------------------------------------------------------------------

      Code (inc. data)   RO Data    RW Data    ZI Data      Debug   Library Member Name

        86          0          0          0          0          0   __dczerorl2.o
         0          0          0          0          0          0   entry.o
         0          0          0          0          0          0   entry10a.o
         0          0          0          0          0          0   entry11a.o
         8          4          0          0          0          0   entry2.o
         4          0          0          0          0          0   entry5.o
         0          0          0          0          0          0   entry7b.o
         0          0          0          0          0          0   entry8b.o
         8          4          0          0          0          0   entry9a.o
        30          0          0          0          0          0   handlers.o
        36          8          0          0          0         68   init.o

    ----------------------------------------------------------------------
       172         16          0          0          0         68   Library Totals
         0          0          0          0          0          0   (incl. Padding)

    ----------------------------------------------------------------------

      Code (inc. data)   RO Data    RW Data    ZI Data      Debug   Library Name

       172         16          0          0          0         68   mc_w.l

    ----------------------------------------------------------------------
       172         16          0          0          0         68   Library Totals

    ----------------------------------------------------------------------

==============================================================================


      Code (inc. data)   RO Data    RW Data    ZI Data      Debug   

     12408       1876      34228       9920       1256     324124   Grand Totals
     12408       1876      34228       4920       1256     324124   ELF Image Totals (compressed)
     12408       1876      34228       4920          0          0   ROM Totals

==============================================================================

    Total RO  Size (Code + RO Data)                46636 (  45.54kB)
    Total RW  Size (RW Data + ZI Data)             11176 (  10.91kB)
    Total ROM Size (Code + RO Data + RW Data)      51556 (  50.35kB)

==============================================================================

