Component: ARM Compiler 5.06 update 2 (build 183) Tool: armlink [4d35b7]

==============================================================================

Section Cross References

    main.o(.text) refers to stm32f10x_usart.o(.text) for USART_SendData
    main.o(.text) refers to misc.o(.text) for NVIC_PriorityGroupConfig
    main.o(.text) refers to delay.o(.text) for delay_init
    main.o(.text) refers to usart.o(.text) for uart_init
    main.o(.text) refers to led.o(.text) for LED_Init
    main.o(.text) refers to key.o(.text) for KEY_Init
    main.o(.text) refers to oled.o(.text) for OLED_Init
    main.o(.text) refers to timer.o(.text) for TIM4_Int_Init
    main.o(.text) refers to display.o(.text) for oled_test
    main.o(.text) refers to main.o(.bss) for Dis
    main.o(.text) refers to timer.o(.data) for key
    main.o(.text) refers to main.o(.constdata) for seg_com
    system_stm32f10x.o(.text) refers to system_stm32f10x.o(.data) for SystemCoreClock
    led.o(.text) refers to stm32f10x_rcc.o(.text) for RCC_APB2PeriphClockCmd
    led.o(.text) refers to stm32f10x_gpio.o(.text) for GPIO_Init
    key.o(.text) refers to stm32f10x_rcc.o(.text) for RCC_APB2PeriphClockCmd
    key.o(.text) refers to stm32f10x_gpio.o(.text) for GPIO_PinRemapConfig
    key.o(.text) refers to delay.o(.text) for delay_ms
    key.o(.text) refers to key.o(.data) for key_up
    oled.o(.text) refers to stm32f10x_gpio.o(.text) for GPIO_SetBits
    oled.o(.text) refers to oled.o(.constdata) for F8X16
    oled.o(.text) refers to stm32f10x_rcc.o(.text) for RCC_APB2PeriphClockCmd
    oled.o(.text) refers to delay.o(.text) for delay_ms
    oled.o(.text) refers to oled.o(.data) for Hzk
    display.o(.text) refers to oled.o(.text) for OLED_Set_Pos
    display.o(.text) refers to display.o(.constdata) for A1E1
    display.o(.text) refers to delay.o(.text) for delay_ms
    display.o(.text) refers to main.o(.data) for CurList
    display.o(.text) refers to main.o(.bss) for Dis
    display.o(.text) refers to display.o(.data) for Interface
    delay.o(.text) refers to misc.o(.text) for SysTick_CLKSourceConfig
    delay.o(.text) refers to system_stm32f10x.o(.data) for SystemCoreClock
    delay.o(.text) refers to delay.o(.data) for fac_us
    usart.o(.text) refers to stm32f10x_rcc.o(.text) for RCC_APB2PeriphClockCmd
    usart.o(.text) refers to stm32f10x_gpio.o(.text) for GPIO_Init
    usart.o(.text) refers to misc.o(.text) for NVIC_Init
    usart.o(.text) refers to stm32f10x_usart.o(.text) for USART_Init
    usart.o(.text) refers to usart.o(.data) for USART_RX_STA
    usart.o(.text) refers to usart.o(.bss) for USART_RX_BUF
    timer.o(.text) refers to stm32f10x_rcc.o(.text) for RCC_APB1PeriphClockCmd
    timer.o(.text) refers to stm32f10x_tim.o(.text) for TIM_TimeBaseInit
    timer.o(.text) refers to misc.o(.text) for NVIC_Init
    timer.o(.text) refers to key.o(.text) for KEY_Scan
    timer.o(.text) refers to timer.o(.data) for key
    startup_stm32f10x_hd.o(RESET) refers to startup_stm32f10x_hd.o(STACK) for __initial_sp
    startup_stm32f10x_hd.o(RESET) refers to startup_stm32f10x_hd.o(.text) for Reset_Handler
    startup_stm32f10x_hd.o(RESET) refers to stm32f10x_it.o(.text) for NMI_Handler
    startup_stm32f10x_hd.o(RESET) refers to timer.o(.text) for TIM4_IRQHandler
    startup_stm32f10x_hd.o(RESET) refers to usart.o(.text) for USART1_IRQHandler
    startup_stm32f10x_hd.o(.text) refers to system_stm32f10x.o(.text) for SystemInit
    startup_stm32f10x_hd.o(.text) refers to entry.o(.ARM.Collect$$$$00000000) for __main
    stm32f10x_gpio.o(.text) refers to stm32f10x_rcc.o(.text) for RCC_APB2PeriphResetCmd
    stm32f10x_rcc.o(.text) refers to stm32f10x_rcc.o(.data) for APBAHBPrescTable
    stm32f10x_usart.o(.text) refers to stm32f10x_rcc.o(.text) for RCC_APB2PeriphResetCmd
    stm32f10x_tim.o(.text) refers to stm32f10x_rcc.o(.text) for RCC_APB2PeriphResetCmd
    entry.o(.ARM.Collect$$$$00000000) refers (Special) to entry10a.o(.ARM.Collect$$$$0000000D) for __rt_final_cpp
    entry.o(.ARM.Collect$$$$00000000) refers (Special) to entry11a.o(.ARM.Collect$$$$0000000F) for __rt_final_exit
    entry.o(.ARM.Collect$$$$00000000) refers (Special) to entry7b.o(.ARM.Collect$$$$00000008) for _main_clock
    entry.o(.ARM.Collect$$$$00000000) refers (Special) to entry8b.o(.ARM.Collect$$$$0000000A) for _main_cpp_init
    entry.o(.ARM.Collect$$$$00000000) refers (Special) to entry9a.o(.ARM.Collect$$$$0000000B) for _main_init
    entry.o(.ARM.Collect$$$$00000000) refers (Special) to entry5.o(.ARM.Collect$$$$00000004) for _main_scatterload
    entry.o(.ARM.Collect$$$$00000000) refers (Special) to entry2.o(.ARM.Collect$$$$00000001) for _main_stk
    entry2.o(.ARM.Collect$$$$00000001) refers to entry2.o(.ARM.Collect$$$$00002712) for __lit__00000000
    entry2.o(.ARM.Collect$$$$00002712) refers to startup_stm32f10x_hd.o(STACK) for __initial_sp
    entry2.o(__vectab_stack_and_reset_area) refers to startup_stm32f10x_hd.o(STACK) for __initial_sp
[...]
    RCC_WaitForHSEStartUp                    0x080029bf   Thumb Code    56  stm32f10x_rcc.o(.text)
    RCC_AdjustHSICalibrationValue            0x080029f7   Thumb Code    20  stm32f10x_rcc.o(.text)
    RCC_HSICmd                               0x08002a0b   Thumb Code     6  stm32f10x_rcc.o(.text)
    RCC_PLLConfig                            0x08002a11   Thumb Code    24  stm32f10x_rcc.o(.text)
    RCC_PLLCmd                               0x08002a29   Thumb Code     6  stm32f10x_rcc.o(.text)
    RCC_SYSCLKConfig                         0x08002a2f   Thumb Code    18  stm32f10x_rcc.o(.text)
    RCC_GetSYSCLKSource                      0x08002a41   Thumb Code    10  stm32f10x_rcc.o(.text)
    RCC_HCLKConfig                           0x08002a4b   Thumb Code    18  stm32f10x_rcc.o(.text)
    RCC_PCLK1Config                          0x08002a5d   Thumb Code    18  stm32f10x_rcc.o(.text)
    RCC_PCLK2Config                          0x08002a6f   Thumb Code    20  stm32f10x_rcc.o(.text)
    RCC_ITConfig                             0x08002a83   Thumb Code    26  stm32f10x_rcc.o(.text)
    RCC_USBCLKConfig                         0x08002a9d   Thumb Code     8  stm32f10x_rcc.o(.text)
    RCC_ADCCLKConfig                         0x08002aa5   Thumb Code    18  stm32f10x_rcc.o(.text)
    RCC_LSEConfig                            0x08002ab7   Thumb Code    50  stm32f10x_rcc.o(.text)
    RCC_LSICmd                               0x08002ae9   Thumb Code     6  stm32f10x_rcc.o(.text)
    RCC_RTCCLKConfig                         0x08002aef   Thumb Code    12  stm32f10x_rcc.o(.text)
    RCC_RTCCLKCmd                            0x08002afb   Thumb Code     8  stm32f10x_rcc.o(.text)
    RCC_GetClocksFreq                        0x08002b03   Thumb Code   192  stm32f10x_rcc.o(.text)
    RCC_AHBPeriphClockCmd                    0x08002bc3   Thumb Code    26  stm32f10x_rcc.o(.text)
    RCC_APB2PeriphClockCmd                   0x08002bdd   Thumb Code    26  stm32f10x_rcc.o(.text)
    RCC_APB1PeriphClockCmd                   0x08002bf7   Thumb Code    26  stm32f10x_rcc.o(.text)
    RCC_APB2PeriphResetCmd                   0x08002c11   Thumb Code    26  stm32f10x_rcc.o(.text)
    RCC_APB1PeriphResetCmd                   0x08002c2b   Thumb Code    26  stm32f10x_rcc.o(.text)
    RCC_BackupResetCmd                       0x08002c45   Thumb Code     8  stm32f10x_rcc.o(.text)
    RCC_ClockSecuritySystemCmd               0x08002c4d   Thumb Code     6  stm32f10x_rcc.o(.text)
    RCC_MCOConfig                            0x08002c53   Thumb Code     6  stm32f10x_rcc.o(.text)
    RCC_ClearFlag                            0x08002c59   Thumb Code    14  stm32f10x_rcc.o(.text)
    RCC_GetITStatus                          0x08002c67   Thumb Code    20  stm32f10x_rcc.o(.text)
    RCC_ClearITPendingBit                    0x08002c7b   Thumb Code     6  stm32f10x_rcc.o(.text)
    USART_DeInit                             0x08002ca5   Thumb Code   134  stm32f10x_usart.o(.text)
    USART_Init                               0x08002d2b   Thumb Code   210  stm32f10x_usart.o(.text)
    USART_StructInit                         0x08002dfd   Thumb Code    24  stm32f10x_usart.o(.text)
    USART_ClockInit                          0x08002e15   Thumb Code    34  stm32f10x_usart.o(.text)
    USART_ClockStructInit                    0x08002e37   Thumb Code    12  stm32f10x_usart.o(.text)
    USART_Cmd                                0x08002e43   Thumb Code    24  stm32f10x_usart.o(.text)
    USART_ITConfig                           0x08002e5b   Thumb Code    74  stm32f10x_usart.o(.text)
    USART_DMACmd                             0x08002ea5   Thumb Code    18  stm32f10x_usart.o(.text)
    USART_SetAddress                         0x08002eb7   Thumb Code    18  stm32f10x_usart.o(.text)
    USART_WakeUpConfig                       0x08002ec9   Thumb Code    18  stm32f10x_usart.o(.text)
    USART_ReceiverWakeUpCmd                  0x08002edb   Thumb Code    24  stm32f10x_usart.o(.text)
    USART_LINBreakDetectLengthConfig         0x08002ef3   Thumb Code    18  stm32f10x_usart.o(.text)
    USART_LINCmd                             0x08002f05   Thumb Code    24  stm32f10x_usart.o(.text)
    USART_GetFlagStatus                      0x08002f1d   Thumb Code    26  stm32f10x_usart.o(.text)
    USART_SendData                           0x08002f37   Thumb Code    28  stm32f10x_usart.o(.text)
    USART_ReceiveData                        0x08002f53   Thumb Code    10  stm32f10x_usart.o(.text)
    USART_SendBreak                          0x08002f5d   Thumb Code    10  stm32f10x_usart.o(.text)
    USART_SetGuardTime                       0x08002f67   Thumb Code    16  stm32f10x_usart.o(.text)
    USART_SetPrescaler                       0x08002f77   Thumb Code    16  stm32f10x_usart.o(.text)
    USART_SmartCardCmd                       0x08002f87   Thumb Code    24  stm32f10x_usart.o(.text)
    USART_SmartCardNACKCmd                   0x08002f9f   Thumb Code    24  stm32f10x_usart.o(.text)
    USART_HalfDuplexCmd                      0x08002fb7   Thumb Code    24  stm32f10x_usart.o(.text)
    USART_OverSampling8Cmd                   0x08002fcf   Thumb Code    22  stm32f10x_usart.o(.text)
    USART_OneBitMethodCmd                    0x08002fe5   Thumb Code    24  stm32f10x_usart.o(.text)
    USART_IrDAConfig                         0x08002ffd   Thumb Code    18  stm32f10x_usart.o(.text)
    USART_IrDACmd                            0x0800300f   Thumb Code    24  stm32f10x_usart.o(.text)
    USART_ClearFlag                          0x08003027   Thumb Code    18  stm32f10x_usart.o(.text)
    USART_GetITStatus                        0x08003039   Thumb Code   104  stm32f10x_usart.o(.text)
    USART_ClearITPendingBit                  0x080030a1   Thumb Code    30  stm32f10x_usart.o(.text)
    NVIC_PriorityGroupConfig                 0x080030c1   Thumb Code    10  misc.o(.text)
    NVIC_Init                                0x080030cb   Thumb Code   100  misc.o(.text)
    NVIC_SetVectorTable                      0x0800312f   Thumb Code    14  misc.o(.text)
    NVIC_SystemLPConfig                      0x0800313d   Thumb Code    34  misc.o(.text)
    SysTick_CLKSourceConfig                  0x0800315f   Thumb Code    40  misc.o(.text)
    TIM_DeInit                               0x0800319d   Thumb Code   424  stm32f10x_tim.o(.text)
    TIM_TimeBaseInit                         0x08003345   Thumb Code   122  stm32f10x_tim.o(.text)
    TIM_OC1Init                              0x080033bf   Thumb Code   132  stm32f10x_tim.o(.text)
    TIM_OC2Init                              0x08003443   Thumb Code   154  stm32f10x_tim.o(.text)
    TIM_OC3Init                              0x080034dd   Thumb Code   150  stm32f10x_tim.o(.text)
    TIM_OC4Init                              0x08003573   Thumb Code   182  stm32f10x_tim.o(.text)
    TIM_SetIC4Prescaler                      0x08003629   Thumb Code    26  stm32f10x_tim.o(.text)
    TIM_SetIC3Prescaler                      0x080036c5   Thumb Code    18  stm32f10x_tim.o(.text)
    TIM_SetIC2Prescaler                      0x08003751   Thumb Code    26  stm32f10x_tim.o(.text)
    TIM_SetIC1Prescaler                      0x080037ed   Thumb Code    18  stm32f10x_tim.o(.text)
    TIM_ICInit                               0x0800386b   Thumb Code   150  stm32f10x_tim.o(.text)
    TIM_PWMIConfig                           0x08003901   Thumb Code   124  stm32f10x_tim.o(.text)
    TIM_BDTRConfig                           0x0800397d   Thumb Code    32  stm32f10x_tim.o(.text)
    TIM_TimeBaseStructInit                   0x0800399d   Thumb Code    18  stm32f10x_tim.o(.text)
    TIM_OCStructInit                         0x080039af   Thumb Code    20  stm32f10x_tim.o(.text)
    TIM_ICStructInit                         0x080039c3   Thumb Code    18  stm32f10x_tim.o(.text)
    TIM_BDTRStructInit                       0x080039d5   Thumb Code    40  stm32f10x_tim.o(.text)
    TIM_Cmd                                  0x080039fd   Thumb Code    24  stm32f10x_tim.o(.text)
    TIM_CtrlPWMOutputs                       0x08003a15   Thumb Code    30  stm32f10x_tim.o(.text)
    TIM_ITConfig                             0x08003a33   Thumb Code    18  stm32f10x_tim.o(.text)
    TIM_GenerateEvent                        0x08003a45   Thumb Code     4  stm32f10x_tim.o(.text)
    TIM_DMAConfig                            0x08003a49   Thumb Code    10  stm32f10x_tim.o(.text)
    TIM_DMACmd                               0x08003a53   Thumb Code    18  stm32f10x_tim.o(.text)
    TIM_InternalClockConfig                  0x08003a65   Thumb Code    12  stm32f10x_tim.o(.text)
    TIM_SelectInputTrigger                   0x08003a71   Thumb Code    18  stm32f10x_tim.o(.text)
    TIM_ITRxExternalClockConfig              0x08003a83   Thumb Code    24  stm32f10x_tim.o(.text)
    TIM_TIxExternalClockConfig               0x08003a9b   Thumb Code    62  stm32f10x_tim.o(.text)
    TIM_ETRConfig                            0x08003ad9   Thumb Code    28  stm32f10x_tim.o(.text)
    TIM_ETRClockMode1Config                  0x08003af5   Thumb Code    54  stm32f10x_tim.o(.text)
    TIM_ETRClockMode2Config                  0x08003b2b   Thumb Code    32  stm32f10x_tim.o(.text)
    TIM_PrescalerConfig                      0x08003b4b   Thumb Code     6  stm32f10x_tim.o(.text)
    TIM_CounterModeConfig                    0x08003b51   Thumb Code    18  stm32f10x_tim.o(.text)
    TIM_EncoderInterfaceConfig               0x08003b63   Thumb Code    66  stm32f10x_tim.o(.text)
    TIM_ForcedOC1Config                      0x08003ba5   Thumb Code    18  stm32f10x_tim.o(.text)
    TIM_ForcedOC2Config                      0x08003bb7   Thumb Code    26  stm32f10x_tim.o(.text)
    TIM_ForcedOC3Config                      0x08003bd1   Thumb Code    18  stm32f10x_tim.o(.text)
    TIM_ForcedOC4Config                      0x08003be3   Thumb Code    26  stm32f10x_tim.o(.text)
    TIM_ARRPreloadConfig                     0x08003bfd   Thumb Code    24  stm32f10x_tim.o(.text)
    TIM_SelectCOM                            0x08003c15   Thumb Code    24  stm32f10x_tim.o(.text)
    TIM_SelectCCDMA                          0x08003c2d   Thumb Code    24  stm32f10x_tim.o(.text)
    TIM_CCPreloadControl                     0x08003c45   Thumb Code    24  stm32f10x_tim.o(.text)
    TIM_OC1PreloadConfig                     0x08003c5d   Thumb Code    18  stm32f10x_tim.o(.text)
    TIM_OC2PreloadConfig                     0x08003c6f   Thumb Code    26  stm32f10x_tim.o(.text)
    TIM_OC3PreloadConfig                     0x08003c89   Thumb Code    18  stm32f10x_tim.o(.text)
    TIM_OC4PreloadConfig                     0x08003c9b   Thumb Code    26  stm32f10x_tim.o(.text)
    TIM_OC1FastConfig                        0x08003cb5   Thumb Code    18  stm32f10x_tim.o(.text)
    TIM_OC2FastConfig                        0x08003cc7   Thumb Code    26  stm32f10x_tim.o(.text)
    TIM_OC3FastConfig                        0x08003ce1   Thumb Code    18  stm32f10x_tim.o(.text)
    TIM_OC4FastConfig                        0x08003cf3   Thumb Code    26  stm32f10x_tim.o(.text)
    TIM_ClearOC1Ref                          0x08003d0d   Thumb Code    18  stm32f10x_tim.o(.text)
    TIM_ClearOC2Ref                          0x08003d1f   Thumb Code    24  stm32f10x_tim.o(.text)
    TIM_ClearOC3Ref                          0x08003d37   Thumb Code    18  stm32f10x_tim.o(.text)
    TIM_ClearOC4Ref                          0x08003d49   Thumb Code    24  stm32f10x_tim.o(.text)
    TIM_OC1PolarityConfig                    0x08003d61   Thumb Code    18  stm32f10x_tim.o(.text)
    TIM_OC1NPolarityConfig                   0x08003d73   Thumb Code    18  stm32f10x_tim.o(.text)
    TIM_OC2PolarityConfig                    0x08003d85   Thumb Code    26  stm32f10x_tim.o(.text)
    TIM_OC2NPolarityConfig                   0x08003d9f   Thumb Code    26  stm32f10x_tim.o(.text)
    TIM_OC3PolarityConfig                    0x08003db9   Thumb Code    26  stm32f10x_tim.o(.text)
    TIM_OC3NPolarityConfig                   0x08003dd3   Thumb Code    26  stm32f10x_tim.o(.text)
    TIM_OC4PolarityConfig                    0x08003ded   Thumb Code    26  stm32f10x_tim.o(.text)
    TIM_CCxCmd                               0x08003e07   Thumb Code    30  stm32f10x_tim.o(.text)
    TIM_CCxNCmd                              0x08003e25   Thumb Code    30  stm32f10x_tim.o(.text)
    TIM_SelectOCxM                           0x08003e43   Thumb Code    82  stm32f10x_tim.o(.text)
    TIM_UpdateDisableConfig                  0x08003e95   Thumb Code    24  stm32f10x_tim.o(.text)
    TIM_UpdateRequestConfig                  0x08003ead   Thumb Code    24  stm32f10x_tim.o(.text)
    TIM_SelectHallSensor                     0x08003ec5   Thumb Code    24  stm32f10x_tim.o(.text)
    TIM_SelectOnePulseMode                   0x08003edd   Thumb Code    18  stm32f10x_tim.o(.text)
    TIM_SelectOutputTrigger                  0x08003eef   Thumb Code    18  stm32f10x_tim.o(.text)
    TIM_SelectSlaveMode                      0x08003f01   Thumb Code    18  stm32f10x_tim.o(.text)
    TIM_SelectMasterSlaveMode                0x08003f13   Thumb Code    18  stm32f10x_tim.o(.text)
    TIM_SetCounter                           0x08003f25   Thumb Code     4  stm32f10x_tim.o(.text)
    TIM_SetAutoreload                        0x08003f29   Thumb Code     4  stm32f10x_tim.o(.text)
    TIM_SetCompare1                          0x08003f2d   Thumb Code     4  stm32f10x_tim.o(.text)
    TIM_SetCompare2                          0x08003f31   Thumb Code     4  stm32f10x_tim.o(.text)
    TIM_SetCompare3                          0x08003f35   Thumb Code     4  stm32f10x_tim.o(.text)
    TIM_SetCompare4                          0x08003f39   Thumb Code     6  stm32f10x_tim.o(.text)
    TIM_SetClockDivision                     0x08003f3f   Thumb Code    18  stm32f10x_tim.o(.text)
    TIM_GetCapture1                          0x08003f51   Thumb Code     6  stm32f10x_tim.o(.text)
    TIM_GetCapture2                          0x08003f57   Thumb Code     6  stm32f10x_tim.o(.text)
    TIM_GetCapture3                          0x08003f5d   Thumb Code     6  stm32f10x_tim.o(.text)
    TIM_GetCapture4                          0x08003f63   Thumb Code     8  stm32f10x_tim.o(.text)
    TIM_GetCounter                           0x08003f6b   Thumb Code     6  stm32f10x_tim.o(.text)
    TIM_GetPrescaler                         0x08003f71   Thumb Code     6  stm32f10x_tim.o(.text)
    TIM_GetFlagStatus                        0x08003f77   Thumb Code    18  stm32f10x_tim.o(.text)
    TIM_ClearFlag                            0x08003f89   Thumb Code     6  stm32f10x_tim.o(.text)
    TIM_GetITStatus                          0x08003f8f   Thumb Code    34  stm32f10x_tim.o(.text)
    TIM_ClearITPendingBit                    0x08003fb1   Thumb Code     6  stm32f10x_tim.o(.text)
    __scatterload                            0x08003fb9   Thumb Code    28  init.o(.text)
    __scatterload_rt2                        0x08003fb9   Thumb Code     0  init.o(.text)
    __decompress                             0x08003fdd   Thumb Code     0  __dczerorl2.o(.text)
    __decompress1                            0x08003fdd   Thumb Code    86  __dczerorl2.o(.text)
    __scatterload_copy                       0x08004033   Thumb Code    14  handlers.o(i.__scatterload_copy)
    __scatterload_null                       0x08004041   Thumb Code     2  handlers.o(i.__scatterload_null)
    __scatterload_zeroinit                   0x08004043   Thumb Code    14  handlers.o(i.__scatterload_zeroinit)
    TEXT_Buffer                              0x08004050   Data          19  main.o(.constdata)
    seg_com                                  0x08004064   Data          40  main.o(.constdata)
    F6x8                                     0x0800408c   Data         552  oled.o(.constdata)
    F8X16                                    0x080042b4   Data        1520  oled.o(.constdata)
    SIMIER                                   0x080048a4   Data         472  display.o(.constdata)
    ASCII0608                                0x08004a7c   Data         276  display.o(.constdata)
    ASCII3216                                0x08004b90   Data         704  display.o(.constdata)
    ASCII0816                                0x08004e50   Data         224  display.o(.constdata)
    ASCII0716                                0x08004f30   Data        1330  display.o(.constdata)
    B2CB                                     0x08005462   Data          28  display.o(.constdata)
    B5A5                                     0x0800547e   Data          28  display.o(.constdata)
    D3C3                                     0x0800549a   Data          28  display.o(.constdata)
    BBA7                                     0x080054b6   Data          28  display.o(.constdata)
    B2CE                                     0x080054d2   Data          28  display.o(.constdata)
    CAFD                                     0x080054ee   Data          28  display.o(.constdata)
    B9DC                                     0x0800550a   Data          28  display.o(.constdata)
    C0ED                                     0x08005526   Data          28  display.o(.constdata)
    D4B1                                     0x08005542   Data          28  display.o(.constdata)
    BCBC                                     0x0800555e   Data          28  display.o(.constdata)
    CAF5                                     0x0800557a   Data          28  display.o(.constdata)
    BBF9                                     0x08005596   Data          28  display.o(.constdata)
    B1BE                                     0x080055b2   Data          28  display.o(.constdata)
    C9E8                                     0x080055ce   Data          28  display.o(.constdata)
    D6C3                                     0x080055ea   Data          28  display.o(.constdata)
    D7B4                                     0x08005606   Data          28  display.o(.constdata)
    CCAC                                     0x08005622   Data          28  display.o(.constdata)
    B2E9                                     0x0800563e   Data          28  display.o(.constdata)
    D1AF                                     0x0800565a   Data          28  display.o(.constdata)
    B2FA                                     0x08005676   Data          28  display.o(.constdata)
    C6B7                                     0x08005692   Data          28  display.o(.constdata)
    D0C5                                     0x080056ae   Data          28  display.o(.constdata)
    CFA2                                     0x080056ca   Data          28  display.o(.constdata)
    B8DF                                     0x080056e6   Data          28  display.o(.constdata)
    BCB6                                     0x08005702   Data          28  display.o(.constdata)
    D0DE                                     0x0800571e   Data          28  display.o(.constdata)
    B8C4                                     0x0800573a   Data          28  display.o(.constdata)
    C3DC                                     0x08005756   Data          28  display.o(.constdata)
    C2EB                                     0x08005772   Data          28  display.o(.constdata)
    B0B4                                     0x0800578e   Data          28  display.o(.constdata)
    BCFC                                     0x080057aa   Data          28  display.o(.constdata)
    CBF8                                     0x080057c6   Data          28  display.o(.constdata)
    B6A8                                     0x080057e2   Data          28  display.o(.constdata)
    B3A7                                     0x080057fe   Data          28  display.o(.constdata)
    C9CC                                     0x0800581a   Data          28  display.o(.constdata)
    C4E2                                     0x08005836   Data          28  display.o(.constdata)
    BACF                                     0x08005852   Data          28  display.o(.constdata)
    B5E3                                     0x0800586e   Data          28  display.o(.constdata)
    CAB5                                     0x0800588a   Data          28  display.o(.constdata)
    CAB1                                     0x080058a6   Data          28  display.o(.constdata)
    D4CB                                     0x080058c2   Data          28  display.o(.constdata)
    D0D0                                     0x080058de   Data          28  display.o(.constdata)
    C4A3                                     0x080058fa   Data          28  display.o(.constdata)
    CABD                                     0x08005916   Data          28  display.o(.constdata)
    D7D4                                     0x08005932   Data          28  display.o(.constdata)
    B6AF                                     0x0800594e   Data          28  display.o(.constdata)
    C0A9                                     0x0800596a   Data          28  display.o(.constdata)
    D5B9                                     0x08005986   Data          28  display.o(.constdata)
    B5E7                                     0x080059a2   Data          28  display.o(.constdata)
    BBFA                                     0x080059be   Data          28  display.o(.constdata)
    B6CB                                     0x080059da   Data          28  display.o(.constdata)
    D7D3                                     0x080059f6   Data          28  display.o(.constdata)
    B1E0                                     0x08005a12   Data          28  display.o(.constdata)
    B6EE                                     0x08005a2e   Data          28  display.o(.constdata)
    B9A6                                     0x08005a4a   Data          28  display.o(.constdata)
    C2CA                                     0x08005a66   Data          28  display.o(.constdata)
    D1B9                                     0x08005a82   Data          28  display.o(.constdata)
    D7AA                                     0x08005a9e   Data          28  display.o(.constdata)
    CBD9                                     0x08005aba   Data          28  display.o(.constdata)
    BED8                                     0x08005ad6   Data          28  display.o(.constdata)
    CFE0                                     0x08005af2   Data          28  display.o(.constdata)
    C1F7                                     0x08005b0e   Data          28  display.o(.constdata)
    D3D0                                     0x08005b2a   Data          28  display.o(.constdata)
    D0A7                                     0x08005b46   Data          28  display.o(.constdata)
    D6B5                                     0x08005b62   Data          28  display.o(.constdata)
    D3A6                                     0x08005b7e   Data          28  display.o(.constdata)
    B3A1                                     0x08005b9a   Data          28  display.o(.constdata)
    C4B8                                     0x08005bb6   Data          28  display.o(.constdata)
    CFDF                                     0x08005bd2   Data          28  display.o(.constdata)
    B9FD                                     0x08005bee   Data          28  display.o(.constdata)
    B1A3                                     0x08005c0a   Data          28  display.o(.constdata)
    BBA4                                     0x08005c26   Data          28  display.o(.constdata)
    C7B7                                     0x08005c42   Data          28  display.o(.constdata)
    C8C8                                     0x08005c5e   Data          28  display.o(.constdata)
    BFD8                                     0x08005c7a   Data          28  display.o(.constdata)
    D6C6                                     0x08005c96   Data          28  display.o(.constdata)
    C6F7                                     0x08005cb2   Data          28  display.o(.constdata)
    B3AC                                     0x08005cce   Data          28  display.o(.constdata)
    B1A8                                     0x08005cea   Data          28  display.o(.constdata)
    BEAF                                     0x08005d06   Data          28  display.o(.constdata)
    B7E7                                     0x08005d22   Data          28  display.o(.constdata)
    C9C8                                     0x08005d3e   Data          28  display.o(.constdata)
    D4D8                                     0x08005d5a   Data          28  display.o(.constdata)
    B2A8                                     0x08005d76   Data          28  display.o(.constdata)
    C6B5                                     0x08005d92   Data          28  display.o(.constdata)
    C4DA                                     0x08005dae   Data          28  display.o(.constdata)
    CDE2                                     0x08005dca   Data          28  display.o(.constdata)
    B2BF                                     0x08005de6   Data          28  display.o(.constdata)
    BFAA                                     0x08005e02   Data          28  display.o(.constdata)
    B9D8                                     0x08005e1e   Data          28  display.o(.constdata)
    C1BF                                     0x08005e3a   Data          28  display.o(.constdata)
    BCE4                                     0x08005e56   Data          28  display.o(.constdata)
    BCEC                                     0x08005e72   Data          28  display.o(.constdata)
    B2E2                                     0x08005e8e   Data          28  display.o(.constdata)
    CBB2                                     0x08005eaa   Data          28  display.o(.constdata)
    CDA3                                     0x08005ec6   Data          28  display.o(.constdata)
    CAE4                                     0x08005ee2   Data          28  display.o(.constdata)
    C8EB                                     0x08005efe   Data          28  display.o(.constdata)
    CEC2                                     0x08005f1a   Data          28  display.o(.constdata)
    B6C8                                     0x08005f36   Data          28  display.o(.constdata)
    C7D0                                     0x08005f52   Data          28  display.o(.constdata)
    BBBB                                     0x08005f6e   Data          28  display.o(.constdata)
    CAD4                                     0x08005f8a   Data          28  display.o(.constdata)
    D4CA                                     0x08005fa6   Data          28  display.o(.constdata)
    D0ED                                     0x08005fc2   Data          28  display.o(.constdata)
    D1BE                                     0x08005fde   Data          28  display.o(.constdata)
    D0A3                                     0x08005ffa   Data          28  display.o(.constdata)
    D5FD                                     0x08006016   Data          28  display.o(.constdata)
    CFB5                                     0x08006032   Data          28  display.o(.constdata)
    C4DC                                     0x0800604e   Data          28  display.o(.constdata)
    C6F4                                     0x0800606a   Data          28  display.o(.constdata)
    B1C8                                     0x08006086   Data          28  display.o(.constdata)
    B4CE                                     0x080060a2   Data          28  display.o(.constdata)
    D7E9                                     0x080060be   Data          28  display.o(.constdata)
    D1A1                                     0x080060da   Data          28  display.o(.constdata)
    D4F1                                     0x080060f6   Data          28  display.o(.constdata)
    C8DD                                     0x08006112   Data          28  display.o(.constdata)
    B2B9                                     0x0800612e   Data          28  display.o(.constdata)
    B3A5                                     0x0800614a   Data          28  display.o(.constdata)
    CAC7                                     0x08006166   Data          28  display.o(.constdata)
    B7F1                                     0x08006182   Data          28  display.o(.constdata)
    D7EE                                     0x0800619e   Data          28  display.o(.constdata)
    B4F3                                     0x080061ba   Data          28  display.o(.constdata)
    D0A1                                     0x080061d6   Data          28  display.o(.constdata)
    B8D0                                     0x080061f2   Data          28  display.o(.constdata)
    C8A6                                     0x0800620e   Data          28  display.o(.constdata)
    D7E8                                     0x0800622a   Data          28  display.o(.constdata)
    C2A9                                     0x08006246   Data          28  display.o(.constdata)
    C8ED                                     0x08006262   Data          28  display.o(.constdata)
    BCFE                                     0x0800627e   Data          28  display.o(.constdata)
    B0E6                                     0x0800629a   Data          28  display.o(.constdata)
    BAC5                                     0x080062b6   Data          28  display.o(.constdata)
    CDA8                                     0x080062d2   Data          28  display.o(.constdata)
    B6CF                                     0x080062ee   Data          28  display.o(.constdata)
    BDC7                                     0x0800630a   Data          28  display.o(.constdata)
    B8F8                                     0x08006326   Data          28  display.o(.constdata)
    C8C6                                     0x08006342   Data          28  display.o(.constdata)
    C0FD                                     0x0800635e   Data          28  display.o(.constdata)
    BBFD                                     0x0800637a   Data          28  display.o(.constdata)
    B7D6                                     0x08006396   Data          28  display.o(.constdata)
    CEBB                                     0x080063b2   Data          28  display.o(.constdata)
    C1E3                                     0x080063ce   Data          28  display.o(.constdata)
    B3F6                                     0x080063ea   Data          28  display.o(.constdata)
    C9A2                                     0x08006406   Data          28  display.o(.constdata)
    B7BD                                     0x08006422   Data          28  display.o(.constdata)
    B7B4                                     0x0800643e   Data          28  display.o(.constdata)
    CFF2                                     0x0800645a   Data          28  display.o(.constdata)
    C3FC                                     0x08006476   Data          28  display.o(.constdata)
    C1EE                                     0x08006492   Data          28  display.o(.constdata)
    B3B5                                     0x080064ae   Data          28  display.o(.constdata)
    D7A1                                     0x080064ca   Data          28  display.o(.constdata)
    D0B9                                     0x080064e6   Data          28  display.o(.constdata)
    B7C5                                     0x08006502   Data          28  display.o(.constdata)
    E3D0                                     0x0800651e   Data          28  display.o(.constdata)
    CCF8                                     0x0800653a   Data          28  display.o(.constdata)
    D4BE                                     0x08006556   Data          28  display.o(.constdata)
    B7B6                                     0x08006572   Data          28  display.o(.constdata)
    CEA7                                     0x0800658e   Data          28  display.o(.constdata)
    B2BD                                     0x080065aa   Data          28  display.o(.constdata)
    B3A4                                     0x080065c6   Data          28  display.o(.constdata)
    B5F7                                     0x080065e2   Data          28  display.o(.constdata)
    BDDA                                     0x080065fe   Data          28  display.o(.constdata)
    B6E0                                     0x0800661a   Data          28  display.o(.constdata)
    B6CE                                     0x08006636   Data          28  display.o(.constdata)
    C5E4                                     0x08006652   Data          28  display.o(.constdata)
    B3CC                                     0x0800666e   Data          28  display.o(.constdata)
    C0DB                                     0x0800668a   Data          28  display.o(.constdata)
    BCC6                                     0x080066a6   Data          28  display.o(.constdata)
    C2B7                                     0x080066c2   Data          28  display.o(.constdata)
    C2F6                                     0x080066de   Data          28  display.o(.constdata)
    B3E5                                     0x080066fa   Data          28  display.o(.constdata)
    C0FA                                     0x08006716   Data          28  display.o(.constdata)
    CAB7                                     0x08006732   Data          28  display.o(.constdata)
    B9CA                                     0x0800674e   Data          28  display.o(.constdata)
    D5CF                                     0x0800676a   Data          28  display.o(.constdata)
    BCC7                                     0x08006786   Data          28  display.o(.constdata)
    C2BC                                     0x080067a2   Data          28  display.o(.constdata)
    D2E5                                     0x080067be   Data          28  display.o(.constdata)
    A1E6                                     0x080067da   Data          28  display.o(.constdata)
    A6B8                                     0x080067f6   Data          28  display.o(.constdata)
    A1E3                                     0x08006812   Data          28  display.o(.constdata)
    A1F4                                     0x0800682e   Data          28  display.o(.constdata)
    B0B8                                     0x0800684a   Data          28  display.o(.constdata)
    B5C8                                     0x08006866   Data          28  display.o(.constdata)
    B4FD                                     0x08006882   Data          28  display.o(.constdata)
    D6B1                                     0x0800689e   Data          28  display.o(.constdata)
    D7BC                                     0x080068ba   Data          28  display.o(.constdata)
    BCCC                                     0x080068d6   Data          28  display.o(.constdata)
    BBD6                                     0x080068f2   Data          28  display.o(.constdata)
    B8B4                                     0x0800690e   Data          28  display.o(.constdata)
    D3C5                                     0x0800692a   Data          28  display.o(.constdata)
    BBAF                                     0x08006946   Data          28  display.o(.constdata)
    B2C9                                     0x08006962   Data          28  display.o(.constdata)
    CCD7                                     0x0800697e   Data          28  display.o(.constdata)
    C3E6                                     0x0800699a   Data          28  display.o(.constdata)
    B0E5                                     0x080069b6   Data          28  display.o(.constdata)
    B4AE                                     0x080069d2   Data          28  display.o(.constdata)
    BFDA                                     0x080069ee   Data          28  display.o(.constdata)
    D6BB                                     0x08006a0a   Data          28  display.o(.constdata)
    CAD6                                     0x08006a26   Data          28  display.o(.constdata)
    B3A3                                     0x08006a42   Data          28  display.o(.constdata)
    B2BB                                     0x08006a5e   Data          28  display.o(.constdata)
    B8FA                                     0x08006a7a   Data          28  display.o(.constdata)
    CBE6                                     0x08006a96   Data          28  display.o(.constdata)
    D3C9                                     0x08006ab2   Data          28  display.o(.constdata)
    BBBA                                     0x08006ace   Data          28  display.o(.constdata)
    C2FD                                     0x08006aea   Data          28  display.o(.constdata)
    D2E4                                     0x08006b06   Data          28  display.o(.constdata)
    D2BB                                     0x08006b22   Data          28  display.o(.constdata)
    CAB9                                     0x08006b3e   Data          28  display.o(.constdata)
    D6F7                                     0x08006b5a   Data          28  display.o(.constdata)
    B8A8                                     0x08006b76   Data          28  display.o(.constdata)
    D6FA                                     0x08006b92   Data          28  display.o(.constdata)
    C9CF                                     0x08006bae   Data          28  display.o(.constdata)
    CFC2                                     0x08006bca   Data          28  display.o(.constdata)
    CFDE                                     0x08006be6   Data          28  display.o(.constdata)
    C2CB                                     0x08006c02   Data          28  display.o(.constdata)
    D6D0                                     0x08006c1e   Data          28  display.o(.constdata)
    D1D3                                     0x08006c3a   Data          28  display.o(.constdata)
    B3D9                                     0x08006c56   Data          28  display.o(.constdata)
    C6AB                                     0x08006c72   Data          28  display.o(.constdata)
    D4F6                                     0x08006c8e   Data          28  display.o(.constdata)
    D2E6                                     0x08006caa   Data          28  display.o(.constdata)
    D0C4                                     0x08006cc6   Data          28  display.o(.constdata)
    CBC0                                     0x08006ce2   Data          28  display.o(.constdata)
    C7F8                                     0x08006cfe   Data          28  display.o(.constdata)
    D7D6                                     0x08006d1a   Data          28  display.o(.constdata)
    C0A1                                     0x08006d36   Data          28  display.o(.constdata)
    CEA2                                     0x08006d52   Data          28  display.o(.constdata)
    B5D8                                     0x08006d6e   Data          28  display.o(.constdata)
    D6B7                                     0x08006d8a   Data          28  display.o(.constdata)
    CCD8                                     0x08006da6   Data          28  display.o(.constdata)
    BEDD                                     0x08006dc2   Data          28  display.o(.constdata)
    B8F1                                     0x08006dde   Data          28  display.o(.constdata)
    B5B1                                     0x08006dfa   Data          28  display.o(.constdata)
    C7B0                                     0x08006e16   Data          28  display.o(.constdata)
    A878                                     0x08006e32   Data          28  display.o(.constdata)
    A1EE                                     0x08006e4e   Data          28  display.o(.constdata)
    B6FE                                     0x08006e6a   Data          28  display.o(.constdata)
    C0E0                                     0x08006e86   Data          28  display.o(.constdata)
    D0CD                                     0x08006ea2   Data          28  display.o(.constdata)
    A1F1                                     0x08006ebe   Data          28  display.o(.constdata)
    A1F0                                     0x08006eda   Data          28  display.o(.constdata)
    CEDE                                     0x08006ef6   Data          28  display.o(.constdata)
    D1E9                                     0x08006f12   Data          28  display.o(.constdata)
    C6E6                                     0x08006f2e   Data          28  display.o(.constdata)
    C5BC                                     0x08006f4a   Data          28  display.o(.constdata)
    C1BD                                     0x08006f66   Data          28  display.o(.constdata)
    C8FD                                     0x08006f82   Data          28  display.o(.constdata)
    BCD3                                     0x08006f9e   Data          28  display.o(.constdata)
    BCF5                                     0x08006fba   Data          28  display.o(.constdata)
    BDCF                                     0x08006fd6   Data          28  display.o(.constdata)
    D5DF                                     0x08006ff2   Data          28  display.o(.constdata)
    C7E5                                     0x0800700e   Data          28  display.o(.constdata)
    C1F4                                     0x0800702a   Data          28  display.o(.constdata)
    B1D5                                     0x08007046   Data          28  display.o(.constdata)
    CDB3                                     0x08007062   Data          28  display.o(.constdata)
    B5BD                                     0x0800707e   Data          28  display.o(.constdata)
    B4EF                                     0x0800709a   Data          28  display.o(.constdata)
    CFC8                                     0x080070b6   Data          28  display.o(.constdata)
    BAF3                                     0x080070d2   Data          28  display.o(.constdata)
    D4D9                                     0x080070ee   Data          28  display.o(.constdata)
    D2EC                                     0x0800710a   Data          28  display.o(.constdata)
    D4DA                                     0x08007126   Data          28  display.o(.constdata)
    BDF8                                     0x08007142   Data          28  display.o(.constdata)
    D6D8                                     0x0800715e   Data          28  display.o(.constdata)
    C1AC                                     0x0800717a   Data          28  display.o(.constdata)
    B1A7                                     0x08007196   Data          28  display.o(.constdata)
    B6C1                                     0x080071b2   Data          28  display.o(.constdata)
    C8A1                                     0x080071ce   Data          28  display.o(.constdata)
    C7EB                                     0x080071ea   Data          28  display.o(.constdata)
    C9D4                                     0x08007206   Data          28  display.o(.constdata)
    D0C2                                     0x08007222   Data          28  display.o(.constdata)
    B4AB                                     0x0800723e   Data          28  display.o(.constdata)
    C8B7                                     0x0800725a   Data          28  display.o(.constdata)
    CFFB                                     0x08007276   Data          28  display.o(.constdata)
    CDEA                                     0x08007292   Data          28  display.o(.constdata)
    B3C9                                     0x080072ae   Data          28  display.o(.constdata)
    B8BA                                     0x080072ca   Data          28  display.o(.constdata)
    C8F5                                     0x080072e6   Data          28  display.o(.constdata)
    D0D4                                     0x08007302   Data          28  display.o(.constdata)
    BCD2                                     0x0800731e   Data          28  display.o(.constdata)
    BDD3                                     0x0800733a   Data          28  display.o(.constdata)
    B1DF                                     0x08007356   Data          28  display.o(.constdata)
    D1D8                                     0x08007372   Data          28  display.o(.constdata)
    C6BD                                     0x0800738e   Data          28  display.o(.constdata)
    D3B3                                     0x080073aa   Data          28  display.o(.constdata)
    C9E4                                     0x080073c6   Data          28  display.o(.constdata)
    B9D5                                     0x080073e2   Data          28  display.o(.constdata)
    D4B4                                     0x080073fe   Data          28  display.o(.constdata)
    C7FD                                     0x0800741a   Data          28  display.o(.constdata)
    A88B                                     0x08007436   Data          28  display.o(.constdata)
    A1F8                                     0x08007452   Data          28  display.o(.constdata)
    A1F9                                     0x0800746e   Data          28  display.o(.constdata)
    A1F3                                     0x0800748a   Data          28  display.o(.constdata)
    B4ED                                     0x080074a6   Data          28  display.o(.constdata)
    CEF3                                     0x080074c2   Data          28  display.o(.constdata)
    CDCB                                     0x080074de   Data          28  display.o(.constdata)
    BDBB                                     0x080074fa   Data          28  display.o(.constdata)
    B4A5                                     0x08007516   Data          28  display.o(.constdata)
    BFEC                                     0x08007532   Data          28  display.o(.constdata)
    D5B6                                     0x0800754e   Data          28  display.o(.constdata)
    C6F0                                     0x0800756a   Data          28  display.o(.constdata)
    CABC                                     0x08007586   Data          28  display.o(.constdata)
    BDE1                                     0x080075a2   Data          28  display.o(.constdata)
    CAF8                                     0x080075be   Data          28  display.o(.constdata)
    C7FA                                     0x080075da   Data          28  display.o(.constdata)
    BDE7                                     0x080075f6   Data          28  display.o(.constdata)
    BCE0                                     0x08007612   Data          28  display.o(.constdata)
    BCCA                                     0x0800762e   Data          28  display.o(.constdata)
    A1E1                                     0x0800764a   Data          28  display.o(.constdata)
    D7F7                                     0x08007666   Data          28  display.o(.constdata)
    B9DF                                     0x08007682   Data          30  display.o(.constdata)
    B5F5                                     0x080076a0   Data          28  display.o(.constdata)
    B4D3                                     0x080076bc   Data          30  display.o(.constdata)
    B6CD                                     0x080076da   Data          28  display.o(.constdata)
    B4F2                                     0x080076f6   Data          28  display.o(.constdata)
    BBF7                                     0x08007712   Data          28  display.o(.constdata)
    B7B5                                     0x0800772e   Data          28  display.o(.constdata)
    BBD8                                     0x0800774a   Data          28  display.o(.constdata)
    B1EA                                     0x08007766   Data          28  display.o(.constdata)
    D6BE                                     0x08007782   Data          28  display.o(.constdata)
    CDAC                                     0x0800779e   Data          28  display.o(.constdata)
    CBA2                                     0x080077ba   Data          28  display.o(.constdata)
    D1B6                                     0x080077d6   Data          28  display.o(.constdata)
    BDB5                                     0x080077f2   Data          28  display.o(.constdata)
    B3F5                                     0x0800780e   Data          28  display.o(.constdata)
    C5A4                                     0x0800782a   Data          28  display.o(.constdata)
    YCf                                      0x08007846   Data           4  display.o(.constdata)
    Tab0                                     0x0800784a   Data           5  display.o(.constdata)
    Tab1                                     0x0800784f   Data           5  display.o(.constdata)
    Blank3                                   0x08007854   Data           4  display.o(.constdata)
    Blank6                                   0x08007858   Data           7  display.o(.constdata)
    Blank7                                   0x0800785f   Data           8  display.o(.constdata)
    Blank9                                   0x08007867   Data          10  display.o(.constdata)
    Blank19                                  0x08007871   Data          20  display.o(.constdata)
    rpm                                      0x08007885   Data          16  display.o(.constdata)
    RunState                                 0x08007895   Data          45  display.o(.constdata)
    List_Menu                                0x080078c2   Data         208  display.o(.constdata)
    List_RunMode                             0x08007992   Data         182  display.o(.constdata)
    List_RunPara                             0x08007a48   Data         260  display.o(.constdata)
    List_SpeedSet                            0x08007b4c   Data          78  display.o(.constdata)
    List_TerminalDef                         0x08007b9a   Data         364  display.o(.constdata)
    List_TerminalCfg                         0x08007d06   Data         455  display.o(.constdata)
    List_AnalogICfg                          0x08007ecd   Data         338  display.o(.constdata)
    List_MultistageSpeed                     0x0800801f   Data         117  display.o(.constdata)
    List_ProcessPID                          0x08008094   Data         104  display.o(.constdata)
    List_CommPara                            0x080080fc   Data          65  display.o(.constdata)
    List_CommPara2                           0x0800813d   Data          52  display.o(.constdata)
    List_ProcessControl                      0x08008171   Data         169  display.o(.constdata)
    List_Characteristic                      0x0800821a   Data         221  display.o(.constdata)
    List_ErrorHistory                        0x080082f7   Data          39  display.o(.constdata)
    List_TestPara                            0x0800831e   Data         143  display.o(.constdata)
    List_AdvancePar                          0x080083ad   Data         273  display.o(.constdata)
    List_InterfaceManage                     0x080084be   Data          39  display.o(.constdata)
    List_FirmPara                            0x080084e5   Data         533  display.o(.constdata)
    List_ForgePara                           0x080086fa   Data         403  display.o(.constdata)
    List_CtrSrc                              0x0800888d   Data          52  display.o(.constdata)
    List_CtrSrc2                             0x080088c1   Data          52  display.o(.constdata)
    List_DirSet                              0x080088f5   Data          52  display.o(.constdata)
    List_StopLock                            0x08008929   Data          39  display.o(.constdata)
    List_FwdStart                            0x08008950   Data          52  display.o(.constdata)
    List_RevStart                            0x08008984   Data          52  display.o(.constdata)
    List_FwdStop                             0x080089b8   Data          39  display.o(.constdata)
    List_RevStop                             0x080089df   Data          39  display.o(.constdata)
    List_ONOFF                               0x08008a06   Data          65  display.o(.constdata)
    List_BrakeSel                            0x08008a47   Data          52  display.o(.constdata)
    List_LcompenEn1                          0x08008a7b   Data          39  display.o(.constdata)
    List_LcompenEn2                          0x08008aa2   Data          39  display.o(.constdata)
    List_LcompenEn3                          0x08008ac9   Data          39  display.o(.constdata)
    List_LcompenEn                           0x08008af0   Data          39  display.o(.constdata)
    List_FwdSpeed                            0x08008b17   Data          39  display.o(.constdata)
    List_RevSpeed                            0x08008b3e   Data          39  display.o(.constdata)
    List_JogFwdSpeed                         0x08008b65   Data          39  display.o(.constdata)
    List_JogRevSpeed                         0x08008b8c   Data          39  display.o(.constdata)
    List_AdjStep                             0x08008bb3   Data          39  display.o(.constdata)
    List_RisingTime                          0x08008bda   Data          39  display.o(.constdata)
    List_FallingTime                         0x08008c01   Data          39  display.o(.constdata)
    List_JogRisingTime                       0x08008c28   Data          39  display.o(.constdata)
    List_JogFallingTime                      0x08008c4f   Data          39  display.o(.constdata)
    List_StartCurrentSet                     0x08008c76   Data          39  display.o(.constdata)
    List_LockCurrent                         0x08008c9d   Data          39  display.o(.constdata)
    List_JumpSpeed                           0x08008cc4   Data          39  display.o(.constdata)
    List_JumpRange                           0x08008ceb   Data          39  display.o(.constdata)
    List_DeadZone                            0x08008d12   Data          39  display.o(.constdata)
    List_BleedResist                         0x08008d39   Data          39  display.o(.constdata)
    List_BleedCurrent                        0x08008d60   Data          39  display.o(.constdata)
    List_BleedUpVolt                         0x08008d87   Data          39  display.o(.constdata)
    List_MaxSpeed                            0x08008dae   Data          39  display.o(.constdata)
    List_MinSpeed                            0x08008dd5   Data          39  display.o(.constdata)
    List_Speed0216                           0x08008dfc   Data          39  display.o(.constdata)
    List_Speed0217                           0x08008e23   Data          39  display.o(.constdata)
    List_Speed0218                           0x08008e4a   Data          39  display.o(.constdata)
    List_Speed0219                           0x08008e71   Data          39  display.o(.constdata)
    List_Speed0220                           0x08008e98   Data          39  display.o(.constdata)
    List_Speed0221                           0x08008ebf   Data          39  display.o(.constdata)
    List_Relation                            0x08008ee6   Data          65  display.o(.constdata)
    List_SpeedMainSrc                        0x08008f27   Data         169  display.o(.constdata)
    List_SpeedAssistSrc                      0x08008fd0   Data          91  display.o(.constdata)
    List_Src0103                             0x0800902b   Data          91  display.o(.constdata)
    List_Src0104                             0x08009086   Data         104  display.o(.constdata)
    List_AssistSrcRange                      0x080090ee   Data          39  display.o(.constdata)
    List_AssistSrcRate                       0x08009115   Data          39  display.o(.constdata)
    List_TerminalCtr                         0x0800913c   Data          65  display.o(.constdata)
    List_DI_Fun                              0x0800917d   Data         234  display.o(.constdata)
    List_DI7_Fun                             0x08009267   Data         234  display.o(.constdata)
    List_D0_Fun                              0x08009351   Data         117  display.o(.constdata)
    List_DO4_Fun                             0x080093c6   Data          78  display.o(.constdata)
    List_A01_Fun                             0x08009414   Data         117  display.o(.constdata)
    List_A02_Fun                             0x08009489   Data         117  display.o(.constdata)
    List_Pulse_Fun                           0x080094fe   Data         130  display.o(.constdata)
    List_AI_FilterTime                       0x08009580   Data          39  display.o(.constdata)
    List_DI_FilterTime01                     0x080095a7   Data          39  display.o(.constdata)
    List_DO_FilterTime02                     0x080095ce   Data          39  display.o(.constdata)
    List_AI1_Min03                           0x080095f5   Data          39  display.o(.constdata)
    List_AI1_MinRatio04                      0x0800961c   Data          39  display.o(.constdata)
    List_AI1_Mid105                          0x08009643   Data          39  display.o(.constdata)
    List_AI1_Mid1Ratio06                     0x0800966a   Data          39  display.o(.constdata)
    List_AI1_Mid207                          0x08009691   Data          39  display.o(.constdata)
    List_AI1_Mid2Ratio08                     0x080096b8   Data          39  display.o(.constdata)
    List_AI1_Max09                           0x080096df   Data          39  display.o(.constdata)
    List_AI1_MaxRatio10                      0x08009706   Data          39  display.o(.constdata)
    List_AI2_Min11                           0x0800972d   Data          39  display.o(.constdata)
    List_AI2_MinRatio12                      0x08009754   Data          39  display.o(.constdata)
    List_AI2_Mid113                          0x0800977b   Data          39  display.o(.constdata)
    List_AI2_Mid1Ratio14                     0x080097a2   Data          39  display.o(.constdata)
    List_AI2_Mid215                          0x080097c9   Data          39  display.o(.constdata)
    List_AI2_Mid2Ratio16                     0x080097f0   Data          39  display.o(.constdata)
    List_AI2_Max17                           0x08009817   Data          39  display.o(.constdata)
    List_AI2_MaxRatio18                      0x0800983e   Data          39  display.o(.constdata)
    List_AI3_Min19                           0x08009865   Data          39  display.o(.constdata)
    List_AI3_MinRatio20                      0x0800988c   Data          39  display.o(.constdata)
    List_AI3_Mid121                          0x080098b3   Data          39  display.o(.constdata)
    List_AI3_Mid1Ratio22                     0x080098da   Data          39  display.o(.constdata)
    List_AI3_Mid223                          0x08009901   Data          39  display.o(.constdata)
    List_AI3_Mid2Ratio24                     0x08009928   Data          39  display.o(.constdata)
    List_AI3_Max25                           0x0800994f   Data          39  display.o(.constdata)
    List_AI3_MaxRatio26                      0x08009976   Data          39  display.o(.constdata)
    List_DI_FilterTime                       0x0800999d   Data          39  display.o(.constdata)
    List_Pulse_FilterTime                    0x080099c4   Data          39  display.o(.constdata)
    List_Pulse_Min27                         0x080099eb   Data          39  display.o(.constdata)
    List_Pulse_MinRatio28                    0x08009a12   Data          39  display.o(.constdata)
    List_Pulse_Max29                         0x08009a39   Data          39  display.o(.constdata)
    List_Pulse_MaxRatio30                    0x08009a60   Data          39  display.o(.constdata)
    List_DICtrEn313233                       0x08009a87   Data          39  display.o(.constdata)
    List_DO_Delay                            0x08009aae   Data          39  display.o(.constdata)
    List_Pulse_Delay                         0x08009ad5   Data          39  display.o(.constdata)
    List_AO_Delay                            0x08009afc   Data          39  display.o(.constdata)
    List_AO1_Zero                            0x08009b23   Data          39  display.o(.constdata)
    List_AO1_Gain                            0x08009b4a   Data          39  display.o(.constdata)
    List_AO2_Zero                            0x08009b71   Data          39  display.o(.constdata)
    List_AO2_Gain                            0x08009b98   Data          39  display.o(.constdata)
    List_Pulse_Range                         0x08009bbf   Data          39  display.o(.constdata)
    List_Pulse_Centre                        0x08009be6   Data          52  display.o(.constdata)
    List_Stage0                              0x08009c1a   Data          39  display.o(.constdata)
    List_Stage1                              0x08009c41   Data          39  display.o(.constdata)
    List_Stage2                              0x08009c68   Data          39  display.o(.constdata)
    List_Stage3                              0x08009c8f   Data          39  display.o(.constdata)
    List_Stage4                              0x08009cb6   Data          39  display.o(.constdata)
    List_Stage5                              0x08009cdd   Data          39  display.o(.constdata)
    List_Stage6                              0x08009d04   Data          39  display.o(.constdata)
    List_Stage7                              0x08009d2b   Data          39  display.o(.constdata)
    List_SetSrc                              0x08009d52   Data          78  display.o(.constdata)
    List_SetGain                             0x08009da0   Data          39  display.o(.constdata)
    List_FeedbackSrc                         0x08009dc7   Data         117  display.o(.constdata)
    List_Feedback                            0x08009e3c   Data          39  display.o(.constdata)
    List_P_gain                              0x08009e63   Data          39  display.o(.constdata)
    List_I_time                              0x08009e8a   Data          39  display.o(.constdata)
    List_D_time                              0x08009eb1   Data          39  display.o(.constdata)
    List_Cal_Mode                            0x08009ed8   Data          39  display.o(.constdata)
    List_AddrCode                            0x08009eff   Data          39  display.o(.constdata)
    List_Bode                                0x08009f26   Data          39  display.o(.constdata)
    List_Check                               0x08009f4d   Data          52  display.o(.constdata)
    List_ComDelaytime                        0x08009f81   Data          39  display.o(.constdata)
    List_CAN_ControlMS                       0x08009fa8   Data          39  display.o(.constdata)
    List_CAN_ControlEN                       0x08009fcf   Data          39  display.o(.constdata)
    List_CAN_knot                            0x08009ff6   Data          39  display.o(.constdata)
    List_CAN_bps                             0x0800a01d   Data          39  display.o(.constdata)
    List_CAN_Refresh                         0x0800a044   Data          39  display.o(.constdata)
    List_AddrCode2                           0x0800a06b   Data          39  display.o(.constdata)
    List_Bode2                               0x0800a092   Data          39  display.o(.constdata)
    List_CAN_Refresh2                        0x0800a0b9   Data          39  display.o(.constdata)
    List_ProcessCtrEn                        0x0800a0e0   Data          39  display.o(.constdata)
    List_TimeSet                             0x0800a107   Data          39  display.o(.constdata)
    List_ForCounterSet                       0x0800a12e   Data          39  display.o(.constdata)
    List_RevCounterSet                       0x0800a155   Data          39  display.o(.constdata)
    List_ForAngleSet                         0x0800a17c   Data          39  display.o(.constdata)
    List_RevAngleSet                         0x0800a1a3   Data          39  display.o(.constdata)
    List_StartDir                            0x0800a1ca   Data          39  display.o(.constdata)
    List_BrakeEn                             0x0800a1f1   Data          39  display.o(.constdata)
    List_FwdBreakEn                          0x0800a218   Data          39  display.o(.constdata)
    List_RevBreakEn                          0x0800a23f   Data          39  display.o(.constdata)
    List_FwdAngle                            0x0800a266   Data          39  display.o(.constdata)
    List_RevAngle                            0x0800a28d   Data          39  display.o(.constdata)
    List_FwdTime                             0x0800a2b4   Data          39  display.o(.constdata)
    List_RevTime                             0x0800a2db   Data          39  display.o(.constdata)
    List_ForwStart_speed                     0x0800a302   Data          39  display.o(.constdata)
    List_RevStart_speed                      0x0800a329   Data          39  display.o(.constdata)
    List_RRatedPower                         0x0800a350   Data          26  display.o(.constdata)
    List_RRatedVoltage                       0x0800a36a   Data          26  display.o(.constdata)
    List_RRatedSpeed                         0x0800a384   Data          26  display.o(.constdata)
    List_RRatedTorque                        0x0800a39e   Data          26  display.o(.constdata)
    List_RPhaseCurrent                       0x0800a3b8   Data          26  display.o(.constdata)
    List_RPhaseCurrent1002                   0x0800a3d2   Data          26  display.o(.constdata)
    List_RPhaseCurrent1003                   0x0800a3ec   Data          26  display.o(.constdata)
    List_RPhaseCurrent1004                   0x0800a406   Data          26  display.o(.constdata)
    List_RPhaseCurrent1005                   0x0800a420   Data          26  display.o(.constdata)
    List_Characteristic1006                  0x0800a43a   Data          26  display.o(.constdata)
    List_RRatedVoltage1007                   0x0800a454   Data          26  display.o(.constdata)
    List_Characteristic1008                  0x0800a46e   Data          26  display.o(.constdata)
    List_Characteristic1009                  0x0800a488   Data          26  display.o(.constdata)
    List_RApplication                        0x0800a4a2   Data          78  display.o(.constdata)
    List_RPID                                0x0800a4f0   Data          26  display.o(.constdata)
    List_Characteristic1011                  0x0800a50a   Data          26  display.o(.constdata)
    List_Characteristic1012                  0x0800a524   Data          39  display.o(.constdata)
    List_Characteristic1013                  0x0800a54b   Data          39  display.o(.constdata)
    List_SVDSP                               0x0800a572   Data          39  display.o(.constdata)
    List_SVCPLD                              0x0800a599   Data          39  display.o(.constdata)
    List_Err1                                0x0800a5c0   Data          91  display.o(.constdata)
    List_Err2                                0x0800a61b   Data          91  display.o(.constdata)
    List_BusAdj                              0x0800a676   Data          39  display.o(.constdata)
    List_PosAdj                              0x0800a69d   Data          40  display.o(.constdata)
    List_PosAdjEnd                           0x0800a6c5   Data          40  display.o(.constdata)
    ACurrentTest                             0x0800a6ed   Data          40  display.o(.constdata)
    BCurrentTest                             0x0800a715   Data          40  display.o(.constdata)
    CCurrentTest                             0x0800a73d   Data          40  display.o(.constdata)
    BrakeTest                                0x0800a765   Data          40  display.o(.constdata)
    List_nei                                 0x0800a78d   Data         117  display.o(.constdata)
    List_wai                                 0x0800a802   Data         117  display.o(.constdata)
    List_Test7FFF                            0x0800a877   Data          40  display.o(.constdata)
    List_CarrierFrequency                    0x0800a89f   Data          39  display.o(.constdata)
    List_MotorFun                            0x0800a8c6   Data          39  display.o(.constdata)
    List_CtrFun                              0x0800a8ed   Data          39  display.o(.constdata)
    List_MotorOverTemp                       0x0800a914   Data          39  display.o(.constdata)
    List_OverTemp                            0x0800a93b   Data          39  display.o(.constdata)
    List_OverSpeed                           0x0800a962   Data          39  display.o(.constdata)
    List_OverVoltage                         0x0800a989   Data          39  display.o(.constdata)
    List_LowVoltage                          0x0800a9b0   Data          39  display.o(.constdata)
    List_OverTorqueTime                      0x0800a9d7   Data          39  display.o(.constdata)
    List_OverTorque                          0x0800a9fe   Data          39  display.o(.constdata)
    List_BrakeCurrentRatio                   0x0800aa25   Data          39  display.o(.constdata)
    List_AutoStartNum                        0x0800aa4c   Data          39  display.o(.constdata)
    List_StopRunTime                         0x0800aa73   Data          39  display.o(.constdata)
    List_RotaryInertia                       0x0800aa9a   Data          39  display.o(.constdata)
    List_gjcs1312                            0x0800aac1   Data          39  display.o(.constdata)
    List_gjcs1313                            0x0800aae8   Data          39  display.o(.constdata)
    List_gjcs1314                            0x0800ab0f   Data          39  display.o(.constdata)
    List_gjcs1317                            0x0800ab36   Data          39  display.o(.constdata)
    List_gjcs1315                            0x0800ab5d   Data          26  display.o(.constdata)
    List_PISet                               0x0800ab77   Data         104  display.o(.constdata)
    S1P                                      0x0800abdf   Data          39  display.o(.constdata)
    S1I                                      0x0800ac06   Data          39  display.o(.constdata)
    S2P                                      0x0800ac2d   Data          39  display.o(.constdata)
    S2I                                      0x0800ac54   Data          39  display.o(.constdata)
    S3P                                      0x0800ac7b   Data          39  display.o(.constdata)
    S3I                                      0x0800aca2   Data          39  display.o(.constdata)
    S4P                                      0x0800acc9   Data          39  display.o(.constdata)
    S4I                                      0x0800acf0   Data          39  display.o(.constdata)
    List_SwitchPara1                         0x0800ad17   Data          39  display.o(.constdata)
    List_SwitchPara2                         0x0800ad3e   Data          39  display.o(.constdata)
    List_SwitchPara3                         0x0800ad65   Data          39  display.o(.constdata)
    List_SpeedUpStartTime                    0x0800ad8c   Data          39  display.o(.constdata)
    List_SpeedUpEndTime                      0x0800adb3   Data          39  display.o(.constdata)
    List_SpeedDownStartTime                  0x0800adda   Data          39  display.o(.constdata)
    List_SpeedDownEndTime                    0x0800ae01   Data          39  display.o(.constdata)
    List_SpeedUpStartP                       0x0800ae28   Data          39  display.o(.constdata)
    List_SpeedUpEndP                         0x0800ae4f   Data          39  display.o(.constdata)
    List_SpeedDownStartP                     0x0800ae76   Data          39  display.o(.constdata)
    List_SpeedDownEndP                       0x0800ae9d   Data          39  display.o(.constdata)
    Wenbu1                                   0x0800aec4   Data          39  display.o(.constdata)
    Wenbu2                                   0x0800aeeb   Data          39  display.o(.constdata)
    Wenbu3                                   0x0800af12   Data          39  display.o(.constdata)
    List_KeyLock                             0x0800af39   Data          39  display.o(.constdata)
    List_Password                            0x0800af60   Data          20  display.o(.constdata)
    List_Password3                           0x0800af74   Data          20  display.o(.constdata)
    List_JKCustomMenu                        0x0800af88   Data         338  display.o(.constdata)
    List_JKCustomMenu2                       0x0800b0da   Data         273  display.o(.constdata)
    List_JKmenuLen                           0x0800b1eb   Data          39  display.o(.constdata)
    List_PhaseA_I                            0x0800b212   Data          26  display.o(.constdata)
    List_PhaseB_I                            0x0800b22c   Data          26  display.o(.constdata)
    List_PhaseC_I                            0x0800b246   Data          26  display.o(.constdata)
    List_Sanre                               0x0800b260   Data          26  display.o(.constdata)
    List_AngleOn                             0x0800b27a   Data          26  display.o(.constdata)
    List_AngleOff                            0x0800b294   Data          26  display.o(.constdata)
    List_DesireDAC                           0x0800b2ae   Data          26  display.o(.constdata)
    List_SpeedAdj_P                          0x0800b2c8   Data          26  display.o(.constdata)
    List_SpeedAdj_I                          0x0800b2e2   Data          26  display.o(.constdata)
    List_PhaseMaxCurrentSet                  0x0800b2fc   Data          26  display.o(.constdata)
    List_PhaseMinInductanceSet               0x0800b316   Data          26  display.o(.constdata)
    List_PhaseMaxInductanceSet               0x0800b330   Data          26  display.o(.constdata)
    List_CoilResistanceSet                   0x0800b34a   Data          26  display.o(.constdata)
    List_LeakageIndSet                       0x0800b364   Data          26  display.o(.constdata)
    List_ZeroPosAdj                          0x0800b37e   Data          26  display.o(.constdata)
    List_BusDCV                              0x0800b398   Data          26  display.o(.constdata)
    List_OutCurrent                          0x0800b3b2   Data          26  display.o(.constdata)
    List_ACurrent                            0x0800b3cc   Data          26  display.o(.constdata)
    List_BCurrent                            0x0800b3e6   Data          26  display.o(.constdata)
    List_CCurrent                            0x0800b400   Data          26  display.o(.constdata)
    List_Dtemp                               0x0800b41a   Data          26  display.o(.constdata)
    List_Mtemp                               0x0800b434   Data          26  display.o(.constdata)
    List_JAI1                                0x0800b44e   Data          26  display.o(.constdata)
    List_JAI2                                0x0800b468   Data          26  display.o(.constdata)
    List_JAI3                                0x0800b482   Data          26  display.o(.constdata)
    List_JAO1                                0x0800b49c   Data          26  display.o(.constdata)
    List_JAO2                                0x0800b4b6   Data          26  display.o(.constdata)
    List_CurrentFPoint1                      0x0800b4d0   Data          39  display.o(.constdata)
    List_CurrentFPoint2                      0x0800b4f7   Data          39  display.o(.constdata)
    List_CurrentFPoint3                      0x0800b51e   Data          39  display.o(.constdata)
    List_CurrentFPoint4                      0x0800b545   Data          39  display.o(.constdata)
    List_CurrentFPoint5                      0x0800b56c   Data          39  display.o(.constdata)
    List_TorqueFPoint1                       0x0800b593   Data          39  display.o(.constdata)
    List_TorqueFPoint2                       0x0800b5ba   Data          39  display.o(.constdata)
    List_TorqueFPoint3                       0x0800b5e1   Data          39  display.o(.constdata)
    List_TorqueFPoint4                       0x0800b608   Data          39  display.o(.constdata)
    List_TorqueFPoint5                       0x0800b62f   Data          39  display.o(.constdata)
    List_RunTime                             0x0800b656   Data          39  display.o(.constdata)
    List_ForgeNum0                           0x0800b67d   Data          39  display.o(.constdata)
    List_ForgeAngle0                         0x0800b6a4   Data          39  display.o(.constdata)
    List_ForgeSpeed0                         0x0800b6cb   Data          39  display.o(.constdata)
    List_ReturnSpeed0                        0x0800b6f2   Data          39  display.o(.constdata)
    List_IntervalTime0                       0x0800b719   Data          39  display.o(.constdata)
    List_ForgeTorque0                        0x0800b740   Data          39  display.o(.constdata)
    List_ForgeNum1                           0x0800b767   Data          39  display.o(.constdata)
    List_ForgeAngle1                         0x0800b78e   Data          39  display.o(.constdata)
    List_ForgeSpeed1                         0x0800b7b5   Data          39  display.o(.constdata)
    List_ReturnSpeed1                        0x0800b7dc   Data          39  display.o(.constdata)
    List_IntervalTime1                       0x0800b803   Data          39  display.o(.constdata)
    List_ForgeTorque1                        0x0800b82a   Data          39  display.o(.constdata)
    List_ForgeNum2                           0x0800b851   Data          39  display.o(.constdata)
    List_ForgeAngle2                         0x0800b878   Data          39  display.o(.constdata)
    List_ForgeSpeed2                         0x0800b89f   Data          39  display.o(.constdata)
    List_ReturnSpeed2                        0x0800b8c6   Data          39  display.o(.constdata)
    List_IntervalTime2                       0x0800b8ed   Data          39  display.o(.constdata)
    List_ForgeTorque2                        0x0800b914   Data          39  display.o(.constdata)
    List_ForgeNum3                           0x0800b93b   Data          39  display.o(.constdata)
    List_ForgeAngle3                         0x0800b962   Data          39  display.o(.constdata)
    List_ForgeSpeed3                         0x0800b989   Data          39  display.o(.constdata)
    List_ReturnSpeed3                        0x0800b9b0   Data          39  display.o(.constdata)
    List_IntervalTime3                       0x0800b9d7   Data          39  display.o(.constdata)
    List_ForgeTorque3                        0x0800b9fe   Data          39  display.o(.constdata)
    List_ForgeNum4                           0x0800ba25   Data          39  display.o(.constdata)
    List_ForgeAngle4                         0x0800ba4c   Data          39  display.o(.constdata)
    List_ForgeSpeed4                         0x0800ba73   Data          39  display.o(.constdata)
    List_ReturnSpeed4                        0x0800ba9a   Data          39  display.o(.constdata)
    List_IntervalTime4                       0x0800bac1   Data          39  display.o(.constdata)
    List_ForgeTorque4                        0x0800bae8   Data          39  display.o(.constdata)
    List_Err1Type                            0x0800bb0f   Data         286  display.o(.constdata)
    List_Err1Feedspeed                       0x0800bc2d   Data          26  display.o(.constdata)
    List_Err1BusI                            0x0800bc47   Data          26  display.o(.constdata)
    List_Err1BusV                            0x0800bc61   Data          26  display.o(.constdata)
    List_Err1RunState                        0x0800bc7b   Data         143  display.o(.constdata)
    List_Err1Runtime                         0x0800bd0a   Data          26  display.o(.constdata)
    List_Err2Type                            0x0800bd24   Data         299  display.o(.constdata)
    List_SysErrType                          0x0800be4f   Data         299  display.o(.constdata)
    List_Err2Feedspeed                       0x0800bf7a   Data          26  display.o(.constdata)
    List_Err2BusI                            0x0800bf94   Data          26  display.o(.constdata)
    List_Err2BusV                            0x0800bfae   Data          26  display.o(.constdata)
    List_Err2RunState                        0x0800bfc8   Data         143  display.o(.constdata)
    List_Err2Runtime                         0x0800c057   Data          26  display.o(.constdata)
    List_CurState                            0x0800c071   Data         143  display.o(.constdata)
    List_JKVariable                          0x0800c100   Data          76  display.o(.constdata)
    List_JkUnit                              0x0800c14c   Data          76  display.o(.constdata)
    List_Sign                                0x0800c198   Data           6  display.o(.constdata)
    List_Symbol                              0x0800c19e   Data          12  display.o(.constdata)
    List_Symbol3                             0x0800c1aa   Data          20  display.o(.constdata)
    List_SRC                                 0x0800c1be   Data          24  display.o(.constdata)
    List_JKState                             0x0800c1d6   Data          78  display.o(.constdata)
    List_JKERr                               0x0800c224   Data         110  display.o(.constdata)
    List_JKBlank1                            0x0800c292   Data          12  display.o(.constdata)
    List_JKBlank                             0x0800c29e   Data          12  display.o(.constdata)
    List_PasswordErr                         0x0800c2aa   Data          40  display.o(.constdata)
    List_DownLOADErr                         0x0800c2d2   Data          40  display.o(.constdata)
    List_UPloadErr                           0x0800c2fa   Data          40  display.o(.constdata)
    DownLoadEnd                              0x0800c322   Data          40  display.o(.constdata)
    UpLoadEnd                                0x0800c34a   Data          40  display.o(.constdata)
    ComErr                                   0x0800c372   Data          60  display.o(.constdata)
    SysErr                                   0x0800c3ae   Data          60  display.o(.constdata)
    systemInit                               0x0800c3ea   Data          40  display.o(.constdata)
    UpLoadCfg                                0x0800c412   Data          40  display.o(.constdata)
    ReUpLoadCfg                              0x0800c43a   Data          40  display.o(.constdata)
    Restore                                  0x0800c462   Data          40  display.o(.constdata)
    DownLoadCfg                              0x0800c48a   Data          40  display.o(.constdata)
    Region$$Table$$Base                      0x0800c4b4   Number         0  anon$$obj.o(Region$$Table)
    Region$$Table$$Limit                     0x0800c4d4   Number         0  anon$$obj.o(Region$$Table)
    Attr                                     0x20000000   Data           1  main.o(.data)
    CurList                                  0x20000004   Data           4  main.o(.data)
    SystemCoreClock                          0x20000008   Data           4  system_stm32f10x.o(.data)
    AHBPrescTable                            0x2000000c   Data          16  system_stm32f10x.o(.data)
    Hzk                                      0x2000001d   Data        1664  oled.o(.data)
    BMP1                                     0x2000069d   Data        1024  display.o(.data)
    BMP2                                     0x20000a9d   Data        1024  display.o(.data)
    BMP3                                     0x20000e9d   Data        1024  display.o(.data)
    BMP4                                     0x2000129d   Data        1024  display.o(.data)
    BMP5                                     0x2000169d   Data        1024  display.o(.data)
    BMP6                                     0x20001a9d   Data        1024  display.o(.data)
    BMP7                                     0x20001e9d   Data        1024  display.o(.data)
    BMP8                                     0x2000229d   Data        1024  display.o(.data)
    Interface                                0x2000269d   Data           1  display.o(.data)
    t                                        0x2000269e   Data           1  display.o(.data)
    __stdout                                 0x200026a4   Data           4  usart.o(.data)
    USART_RX_STA                             0x200026a8   Data           2  usart.o(.data)
    key                                      0x200026aa   Data           1  timer.o(.data)
    Dis                                      0x200026c0   Data          32  main.o(.bss)
    USART_RX_BUF                             0x200026e0   Data         200  usart.o(.bss)
    __initial_sp                             0x20002ba8   Data           0  startup_stm32f10x_hd.o(STACK)



==============================================================================

Memory Map of the image

  Image Entry point : 0x08000131

  Load Region LR_IROM1 (Base: 0x08000000, Size: 0x0000eb94, Max: 0x00010000, ABSOLUTE, COMPRESSED[0x0000d80c])

    Execution Region ER_IROM1 (Base: 0x08000000, Size: 0x0000c4d4, Max: 0x00010000, ABSOLUTE)

    Base Addr    Size         Type   Attr      Idx    E Section Name        Object

    0x08000000   0x00000130   Data   RO          370    RESET               startup_stm32f10x_hd.o
    0x08000130   0x00000000   Code   RO          437  * .ARM.Collect$$$$00000000  mc_w.l(entry.o)
    0x08000130   0x00000004   Code   RO          440    .ARM.Collect$$$$00000001  mc_w.l(entry2.o)
    0x08000134   0x00000004   Code   RO          443    .ARM.Collect$$$$00000004  mc_w.l(entry5.o)
    0x08000138   0x00000000   Code   RO          445    .ARM.Collect$$$$00000008  mc_w.l(entry7b.o)
    0x08000138   0x00000000   Code   RO          447    .ARM.Collect$$$$0000000A  mc_w.l(entry8b.o)
    0x08000138   0x00000008   Code   RO          448    .ARM.Collect$$$$0000000B  mc_w.l(entry9a.o)
    0x08000140   0x00000000   Code   RO          450    .ARM.Collect$$$$0000000D  mc_w.l(entry10a.o)
    0x08000140   0x00000000   Code   RO          452    .ARM.Collect$$$$0000000F  mc_w.l(entry11a.o)
    0x08000140   0x00000004   Code   RO          441    .ARM.Collect$$$$00002712  mc_w.l(entry2.o)
    0x08000144   0x000001f8   Code   RO            1    .text               main.o
    0x0800033c   0x0000001a   Code   RO          151    .text               stm32f10x_it.o
    0x08000356   0x00000002   PAD
    0x08000358   0x000001e0   Code   RO          192    .text               system_stm32f10x.o
    0x08000538   0x000000a0   Code   RO          210    .text               led.o
    0x080005d8   0x000000d4   Code   RO          222    .text               key.o
    0x080006ac   0x000005ec   Code   RO          235    .text               oled.o
    0x08000c98   0x00001650   Code   RO          257    .text               display.o
    0x080022e8   0x000000d4   Code   RO          286    .text               delay.o
    0x080023bc   0x00000140   Code   RO          317    .text               usart.o
    0x080024fc   0x00000084   Code   RO          340    .text               timer.o
    0x08002580   0x00000024   Code   RO          371    .text               startup_stm32f10x_hd.o
    0x080025a4   0x0000035c   Code   RO          375    .text               stm32f10x_gpio.o
    0x08002900   0x000003a4   Code   RO          387    .text               stm32f10x_rcc.o
    0x08002ca4   0x0000041a   Code   RO          401    .text               stm32f10x_usart.o
    0x080030be   0x00000002   PAD
    0x080030c0   0x000000dc   Code   RO          413    .text               misc.o
    0x0800319c   0x00000e1a   Code   RO          425    .text               stm32f10x_tim.o
    0x08003fb6   0x00000002   PAD
    0x08003fb8   0x00000024   Code   RO          454    .text               mc_w.l(init.o)
    0x08003fdc   0x00000056   Code   RO          464    .text               mc_w.l(__dczerorl2.o)
    0x08004032   0x0000000e   Code   RO          458    i.__scatterload_copy  mc_w.l(handlers.o)
    0x08004040   0x00000002   Code   RO          459    i.__scatterload_null  mc_w.l(handlers.o)
    0x08004042   0x0000000e   Code   RO          460    i.__scatterload_zeroinit  mc_w.l(handlers.o)
    0x08004050   0x0000003c   Data   RO            3    .constdata          main.o
    0x0800408c   0x00000818   Data   RO          236    .constdata          oled.o
    0x080048a4   0x00007c0e   Data   RO          258    .constdata          display.o
    0x0800c4b2   0x00000002   PAD
    0x0800c4b4   0x00000020   Data   RO          456    Region$$Table       anon$$obj.o


    Execution Region RW_IRAM1 (Base: 0x20000000, Size: 0x00002ba8, Max: 0x00005000, ABSOLUTE, COMPRESSED[0x00001338])

    Base Addr    Size         Type   Attr      Idx    E Section Name        Object

    0x20000000   0x00000008   Data   RW            4    .data               main.o
    0x20000008   0x00000014   Data   RW          193    .data               system_stm32f10x.o
    0x2000001c   0x00000001   Data   RW          223    .data               key.o
    0x2000001d   0x00000680   Data   RW          237    .data               oled.o
    0x2000069d   0x00002002   Data   RW          259    .data               display.o
    0x2000269f   0x00000001   PAD
    0x200026a0   0x00000004   Data   RW          287    .data               delay.o
    0x200026a4   0x00000006   Data   RW          319    .data               usart.o
    0x200026aa   0x00000001   Data   RW          341    .data               timer.o
    0x200026ab   0x00000014   Data   RW          388    .data               stm32f10x_rcc.o
    0x200026bf   0x00000001   PAD
    0x200026c0   0x00000020   Zero   RW            2    .bss                main.o
    0x200026e0   0x000000c8   Zero   RW          318    .bss                usart.o
    0x200027a8   0x00000400   Zero   RW          368    STACK               startup_stm32f10x_hd.o


==============================================================================

Image component sizes


      Code (inc. data)   RO Data    RW Data    ZI Data      Debug   Object Name

       212         18          0          4          0        991   delay.o
      5712       1486      31758       8194          0      42977   display.o
       212         18          0          1          0        804   key.o
       160         18          0          0          0        671   led.o
       504        120         60          8         32     261713   main.o
       220         22          0          0          0       1745   misc.o
      1516         22       2072       1664          0       6733   oled.o
        36          8        304          0       1024        768   startup_stm32f10x_hd.o
       860         38          0          0          0       5681   stm32f10x_gpio.o
        26          0          0          0          0       1154   stm32f10x_it.o
       932         36          0         20          0       8836   stm32f10x_rcc.o
      3610         88          0          0          0      22788   stm32f10x_tim.o
      1050         20          0          0          0       8464   stm32f10x_usart.o
         0          0          0          0          0         32   sys.o
       480         38          0         20          0       1659   system_stm32f10x.o
       132         10          0          1          0        902   timer.o
       320         18          0          6        200       3058   usart.o

    ----------------------------------------------------------------------
     15988       1960      34228       9920       1256     368976   Object Totals
         0          0         32          0          0          0   (incl. Generated)
         6          0          2          2          0          0   (incl. Padding)

    ----------------------------------------------------------------------

      Code (inc. data)   RO Data    RW Data    ZI Data      Debug   Library Member Name

        86          0          0          0          0          0   __dczerorl2.o
         0          0          0          0          0          0   entry.o
         0          0          0          0          0          0   entry10a.o
         0          0          0          0          0          0   entry11a.o
         8          4          0          0          0          0   entry2.o
         4          0          0          0          0          0   entry5.o
         0          0          0          0          0          0   entry7b.o
         0          0          0          0          0          0   entry8b.o
         8          4          0          0          0          0   entry9a.o
        30          0          0          0          0          0   handlers.o
        36          8          0          0          0         68   init.o

    ----------------------------------------------------------------------
       172         16          0          0          0         68   Library Totals
         0          0          0          0          0          0   (incl. Padding)

    ----------------------------------------------------------------------

      Code (inc. data)   RO Data    RW Data    ZI Data      Debug   Library Name

       172         16          0          0          0         68   mc_w.l

    ----------------------------------------------------------------------
       172         16          0          0          0         68   Library Totals

    ----------------------------------------------------------------------

==============================================================================


      Code (inc. data)   RO Data    RW Data    ZI Data      Debug   

     16160       1976      34228       9920       1256     368028   Grand Totals
     16160       1976      34228       4920       1256     368028   ELF Image Totals (compressed)
     16160       1976      34228       4920          0          0   ROM Totals

==============================================================================

    Total RO  Size (Code + RO Data)                50388 (  49.21kB)
    Total RW  Size (RW Data + ZI Data)             11176 (  10.91kB)
    Total ROM Size (Code + RO Data + RW Data)      55308 (  54.01kB)

==============================================================================

